Microchip MPLAB XC8 Compiler V1.38 ()

Linker command line:

--edf=C:\Program Files (x86)\Microchip\xc8\v1.38\dat\en_msgs.txt -cs \
  -h+dist/XC8_PIC12F683/production\81_00017_02_TF12S.production.sym \
  --cmf=dist/XC8_PIC12F683/production\81_00017_02_TF12S.production.cmf -z \
  -Q12F683 -oC:\Users\faithc\AppData\Local\Temp\scl4.2 \
  -Mdist/XC8_PIC12F683/production/81_00017_02_TF12S.production.map -E1 \
  -ver=XC8 -ASTACK=0A0h-0bfh -pstack=STACK -ACODE=00h-07FFh \
  -ASTRCODE=00h-07FFh -ASTRING=00h-0FFhx8 -ACONST=00h-0FFhx8 \
  -AENTRY=00h-0FFhx8 -ACOMMON=070h-07Fh -ABANK0=020h-06Fh -ABANK1=0A0h-0BFh \
  -ARAM=020h-06Fh,0A0h-0BFh -AABS1=020h-07Fh,0A0h-0BFh -ASFR0=00h-01Fh \
  -ASFR1=080h-09Fh -preset_vec=00h,intentry=04h,init,end_init \
  -ppowerup=CODE -pcinit=CODE -pfunctab=CODE -ACONFIG=02007h-02007h \
  -pconfig=CONFIG -DCONFIG=2 -AIDLOC=02000h-02003h -pidloc=IDLOC -DIDLOC=2 \
  -AEEDATA=00h-0FFh/02100h -peeprom_data=EEDATA -DEEDATA=2 -DCODE=2 \
  -DSTRCODE=2 -DSTRING=2 -DCONST=2 -DENTRY=2 -k \
  C:\Users\faithc\AppData\Local\Temp\scl4.obj \
  dist/XC8_PIC12F683/production\81_00017_02_TF12S.production.obj 

Object code version is 3.11

Machine type is 12F683



                Name                               Link     Load   Length Selector   Space Scale
C:\Users\faithc\AppData\Local\Temp\scl4.obj
                end_init                              F        F        1        8       0
                reset_vec                             0        0        1        0       0
                config                             2007     2007        1     400E       0
dist/XC8_PIC12F683/production\81_00017_02_TF12S.production.obj
                cinit                                10       10        B        8       0
                intentry                              4        4        B        8       0
                text18                              7B0      7B0       25      94C       0
                text17                              6EA      6EA       2A      94C       0
                text16                              6C0      6C0       2A      94C       0
                text15                              4A6      4A6      13D      94C       0
                text14                               74       74        7        8       0
                text13                              694      694       2C      94C       0
                text12                               6D       6D        7        8       0
                text11                              7D5      7D5       23      94C       0
                text10                              667      667       2D      94C       0
                text9                               78B      78B       25      94C       0
                text8                                63       63        A        8       0
                text7                               764      764       27      94C       0
                text6                                37       37       15        8       0
                text5                                1B       1B       1C        8       0
                text4                                59       59        A        8       0
                text3                                4C       4C        D        8       0
                text2                               73D      73D       27      94C       0
                text1                               714      714       29      94C       0
                maintext                            5E3      5E3       84      94C       0
                cstackBANK0                          46       46       15       20       1
                cstackCOMMON                         70       70        6       70       1
                clrtext                             7F8      7F8        8      94C       0
                bssBANK0                             20       20       26       20       1
                bssCOMMON                            76       76        4       70       1
                bssEEDATA                             0     2100        5     4200       3
                stringtext                          100      100      3A6        2       0

TOTAL           Name                               Link     Load   Length     Space
        CLASS   STACK          

        CLASS   CODE           
                end_init                              F        F        1         0
                cinit                                10       10        B         0
                intentry                              4        4        B         0
                reset_vec                             0        0        1         0
                text18                              7B0      7B0       25         0
                text17                              6EA      6EA       2A         0
                text16                              6C0      6C0       2A         0
                text15                              4A6      4A6      13D         0
                text14                               74       74        7         0
                text13                              694      694       2C         0
                text12                               6D       6D        7         0
                text11                              7D5      7D5       23         0
                text10                              667      667       2D         0
                text9                               78B      78B       25         0
                text8                                63       63        A         0
                text7                               764      764       27         0
                text6                                37       37       15         0
                text5                                1B       1B       1C         0
                text4                                59       59        A         0
                text3                                4C       4C        D         0
                text2                               73D      73D       27         0
                text1                               714      714       29         0
                maintext                            5E3      5E3       84         0
                clrtext                             7F8      7F8        8         0

        CLASS   STRCODE        
                stringtext                          100      100      3A6         0

        CLASS   STRING         

        CLASS   CONST          

        CLASS   ENTRY          

        CLASS   COMMON         
                cstackCOMMON                         70       70        6         1
                bssCOMMON                            76       76        4         1

        CLASS   BANK0          
                cstackBANK0                          46       46       15         1
                bssBANK0                             20       20       26         1

        CLASS   BANK1          

        CLASS   RAM            

        CLASS   ABS1           
                abs_s1                               7E       7E        2         1

        CLASS   SFR0           

        CLASS   SFR1           

        CLASS   CONFIG         
                config                             2007     2007        1         0

        CLASS   IDLOC          

        CLASS   EEDATA         
                bssEEDATA                             0     2100        5         3



SEGMENTS        Name                           Load    Length   Top    Selector   Space  Class     Delta

                reset_vec                      000000  000001  000001         0       0  CODE        2
                intentry                       000004  000077  00007B         8       0  CODE        2
                bssBANK0                       000020  00003B  00005B        20       1  BANK0       1
                cstackCOMMON                   000070  00000A  00007A        70       1  COMMON      1
                stringtext                     000100  0003A6  0004A6         2       0  STRCODE     2
                text15                         0004A6  00035A  000800       94C       0  CODE        2
                config                         002007  000001  002008      400E       0  CONFIG      2
                bssEEDATA                      002100  000005  002105      4200       3  EEDATA      2


UNUSED ADDRESS RANGES

        Name                Unused          Largest block    Delta
        BANK0            005B-006F             15           1
        BANK1            00A0-00BF             20           1
        CODE             0001-0003              3           2
                         007B-00FF             85
        COMMON           007A-007D              4           1
        CONST            0001-0003              3           2
                         007B-00FF             85
        EEDATA           2105-21FF             FB           2
        ENTRY            0001-0003              3           2
                         007B-00FF             85
        IDLOC            2000-2003              4           2
        RAM              005B-006F             15           1
                         00A0-00BF             20
        SFR0             0000-001F             20           1
        SFR1             0080-009F             20           1
        STACK            00A0-00BF             20           1
        STRCODE          0001-0003              3           2
                         007B-00FF             85
        STRING           0001-0003              3           2
                         007B-00FF             85

                                  Symbol Table

INC_EEPROM_MODE@Temp_Mode_Data      cstackBANK0  0057
Initial_Start@i                     cstackBANK0  0059
Initial_Start@read_data             cstackBANK0  0058
ReWriteEEPROM@i                     cstackBANK0  0056
SetOUTPUT@temporaryGPIO             cstackCOMMON 0075
WaitForSYNC_PU@temp001              cstackCOMMON 0074
_ANSEL                              (abs)        009F
_CARRY                              (abs)        0018
_CMCON0                             (abs)        0019
_ConfigureOscillator                text14       0074
_EEADR                              (abs)        009B
_EECON1                             (abs)        009C
_EECON2                             (abs)        009D
_EEDATA                             (abs)        009A
_EEprom_InPhase                     bssEEDATA    0000
_EEprom_Written_Flag                bssEEDATA    0004
_EEprom_mode                        bssEEDATA    0002
_GIE                                (abs)        005F
_GLOBAL_CHANNELS_EN                 bssBANK0     0024
_GLOBAL_CHANNELS_EN_copy            bssBANK0     0025
_GLOBAL_Dummy_Counter               bssBANK0     0026
_GLOBAL_Dummy_Counter2              bssBANK0     0027
_GLOBAL_MODE1_LOW_counter           bssBANK0     0028
_GLOBAL_MODE1_counter               bssBANK0     0029
_GLOBAL_MODE2_LOW_counter           bssBANK0     002A
_GLOBAL_MODE2_counter               bssBANK0     002B
_GLOBAL_Mode_copy                   bssBANK0     0020
_GLOBAL_SYNC_Line_LOW_counter       bssBANK0     002C
_GLOBAL_SYNC_Line_counter           bssBANK0     002D
_GLOBAL_SYNC_PULSE_Counter          bssCOMMON    0076
_GLOBAL_Selected_Mode_Number        bssBANK0     002E
_GLOBAL_Selected_Mode_Type          bssBANK0     002F
_GLOBAL_Selected_Mode_Type_copy     bssBANK0     0030
_GLOBAL_combo_patterns_column_index bssCOMMON    0077
_GLOBAL_combo_patterns_counter      bssBANK0     0031
_GLOBAL_combo_patterns_index        bssCOMMON    0078
_GLOBAL_combo_patterns_index_copy   bssBANK0     0032
_GLOBAL_sub_patterns_column_index   bssCOMMON    0079
_GLOBAL_sub_patterns_index          bssBANK0     0033
_GLOBAL_sub_patterns_index_copy     bssBANK0     0034
_GLOBAL_sub_patterns_timer          bssBANK0     0035
_GPIO                               (abs)        0005
_GPIObits                           (abs)        0005
_INC_EEPROM_MODE                    text9        078B
_INTCON                             (abs)        000B
_INTCONbits                         (abs)        000B
_InitApp                            text7        0764
_Initial_Start                      text2        073D
_OPTION_REGbits                     (abs)        0081
_OSCCON                             (abs)        008F
_OSCCONbits                         (abs)        008F
_OUTPUT_BUFFER                      bssBANK0     0036
_OUTPUT_BUFFER_COPY                 bssBANK0     0037
_RD                                 (abs)        04E0
_ROM_COMBO_Patterns                 stringtext   0112
_ROM_Sub_Patterns                   stringtext   0302
_ROM_Sub_Patterns_Time              stringtext   03D4
_ReWriteEEPROM                      text11       07D5
_Read_Mode_Input                    text18       07B0
_SetOUTPUT                          text1        0714
_TMR0                               (abs)        0001
_TRISIO                             (abs)        0085
_TRISIObits                         (abs)        0085
_Update_ComboPattern_Index          text10       0667
_Update_Input_Mode_Type             text6        0037
_WDTCON                             (abs)        0018
_WPU                                (abs)        0095
_WR                                 (abs)        04E1
_WREN                               (abs)        04E2
_WaitForSYNC_PU                     text8        0063
_WriteEEPROMDefaults                text3        004C
__CFG_BOREN$ON                      (abs)        0000
__CFG_CP$ON                         (abs)        0000
__CFG_CPD$ON                        (abs)        0000
__CFG_FCMEN$ON                      (abs)        0000
__CFG_FOSC$INTOSCIO                 (abs)        0000
__CFG_IESO$OFF                      (abs)        0000
__CFG_MCLRE$OFF                     (abs)        0000
__CFG_PWRTE$OFF                     (abs)        0000
__CFG_WDTE$ON                       (abs)        0000
__Habs1                             abs1         0000
__Hbank0                            bank0        0000
__Hbank1                            bank1        0000
__HbssBANK0                         bssBANK0     0000
__HbssCOMMON                        bssCOMMON    0000
__HbssEEDATA                        bssEEDATA    0000
__Hcinit                            cinit        001B
__Hclrtext                          clrtext      0000
__Hcode                             code         0000
__Hcommon                           common       0000
__Hconfig                           config       2008
__HcstackBANK0                      cstackBANK0  0000
__HcstackCOMMON                     cstackCOMMON 0000
__Heeprom_data                      eeprom_data  0000
__Hend_init                         end_init     0010
__Hfunctab                          functab      0000
__Hidloc                            idloc        0000
__Hinit                             init         000F
__Hintentry                         intentry     000F
__Hmaintext                         maintext     0000
__Hpa_nodes                         pa_nodes     0000
__Hpowerup                          powerup      0000
__Hram                              ram          0000
__Hreset_vec                        reset_vec    0001
__Hsfr0                             sfr0         0000
__Hsfr1                             sfr1         0000
__Hspace_0                          (abs)        2008
__Hspace_1                          (abs)        007A
__Hspace_2                          (abs)        0000
__Hspace_3                          (abs)        0005
__Hstack                            stack        0000
__Hstrings                          strings      0000
__Hstringtext                       stringtext   0000
__Htext                             text         0000
__Labs1                             abs1         0000
__Lbank0                            bank0        0000
__Lbank1                            bank1        0000
__LbssBANK0                         bssBANK0     0000
__LbssCOMMON                        bssCOMMON    0000
__LbssEEDATA                        bssEEDATA    0000
__Lcinit                            cinit        0010
__Lclrtext                          clrtext      0000
__Lcode                             code         0000
__Lcommon                           common       0000
__Lconfig                           config       2007
__LcstackBANK0                      cstackBANK0  0000
__LcstackCOMMON                     cstackCOMMON 0000
__Leeprom_data                      eeprom_data  0000
__Lend_init                         end_init     000F
__Lfunctab                          functab      0000
__Lidloc                            idloc        0000
__Linit                             init         000F
__Lintentry                         intentry     0004
__Lmaintext                         maintext     0000
__Lpa_nodes                         pa_nodes     0000
__Lpowerup                          powerup      0000
__Lram                              ram          0000
__Lreset_vec                        reset_vec    0000
__Lsfr0                             sfr0         0000
__Lsfr1                             sfr1         0000
__Lspace_0                          (abs)        0000
__Lspace_1                          (abs)        0000
__Lspace_2                          (abs)        0000
__Lspace_3                          (abs)        0000
__Lstack                            stack        0000
__Lstrings                          strings      0000
__Lstringtext                       stringtext   0000
__Ltext                             text         0000
__S0                                (abs)        2008
__S1                                (abs)        007A
__S2                                (abs)        0000
__S3                                (abs)        2105
___bmul                             text17       06EA
___bmul@multiplicand                cstackCOMMON 0070
___bmul@multiplier                  cstackCOMMON 0072
___bmul@product                     cstackCOMMON 0071
___ctoee                            text12       006D
___ctoee@addr                       cstackBANK0  0055
___ctoee@data                       cstackBANK0  0054
___eetoc                            text4        0059
___eetoc@addr                       cstackBANK0  0054
___eetoc@data                       cstackBANK0  0055
___int_sp                           stack        0000
___latbits                          (abs)        0000
___sp                               stack        0000
__end_of_ConfigureOscillator        text14       007B
__end_of_INC_EEPROM_MODE            text9        07B0
__end_of_InitApp                    text7        078B
__end_of_Initial_Start              text2        0764
__end_of_ROM_COMBO_Patterns         stringtext   0302
__end_of_ROM_Sub_Patterns           stringtext   03D4
__end_of_ROM_Sub_Patterns_Time      stringtext   04A6
__end_of_ReWriteEEPROM              text11       07F8
__end_of_Read_Mode_Input            text18       07D5
__end_of_SetOUTPUT                  text1        073D
__end_of_Update_ComboPattern_Index  text10       0694
__end_of_Update_Input_Mode_Type     text6        004C
__end_of_WaitForSYNC_PU             text8        006D
__end_of_WriteEEPROMDefaults        text3        0059
__end_of___bmul                     text17       0714
__end_of___ctoee                    text12       0074
__end_of___eetoc                    text4        0063
__end_of__initialization            cinit        0019
__end_of__stringtab                 stringtext   0112
__end_of_eecpymem                   text5        0037
__end_of_isr                        text15       05E3
__end_of_main                       maintext     0667
__end_of_memcpyee                   text13       06C0
__end_ofi1_SetOUTPUT                text16       06EA
__initialization                    cinit        0010
__pbssBANK0                         bssBANK0     0020
__pbssCOMMON                        bssCOMMON    0076
__pbssEEDATA                        bssEEDATA    0000
__pcstackBANK0                      cstackBANK0  0046
__pcstackCOMMON                     cstackCOMMON 0070
__pintentry                         intentry     0004
__pmaintext                         maintext     05E3
__pstringtext                       stringtext   0100
__ptext1                            text1        0714
__ptext10                           text10       0667
__ptext11                           text11       07D5
__ptext12                           text12       006D
__ptext13                           text13       0694
__ptext14                           text14       0074
__ptext15                           text15       04A6
__ptext16                           text16       06C0
__ptext17                           text17       06EA
__ptext18                           text18       07B0
__ptext2                            text2        073D
__ptext3                            text3        004C
__ptext4                            text4        0059
__ptext5                            text5        001B
__ptext6                            text6        0037
__ptext7                            text7        0764
__ptext8                            text8        0063
__ptext9                            text9        078B
__size_of_ConfigureOscillator       (abs)        0000
__size_of_INC_EEPROM_MODE           (abs)        0000
__size_of_InitApp                   (abs)        0000
__size_of_Initial_Start             (abs)        0000
__size_of_ReWriteEEPROM             (abs)        0000
__size_of_Read_Mode_Input           (abs)        0000
__size_of_SetOUTPUT                 (abs)        0000
__size_of_Update_ComboPattern_Index (abs)        0000
__size_of_Update_Input_Mode_Type    (abs)        0000
__size_of_WaitForSYNC_PU            (abs)        0000
__size_of_WriteEEPROMDefaults       (abs)        0000
__size_of___bmul                    (abs)        0000
__size_of___ctoee                   (abs)        0000
__size_of___eetoc                   (abs)        0000
__size_of_eecpymem                  (abs)        0000
__size_of_isr                       (abs)        0000
__size_of_main                      (abs)        0000
__size_of_memcpyee                  (abs)        0000
__size_ofi1_SetOUTPUT               (abs)        0000
__stringbase                        stringtext   0112
__stringtab                         stringtext   0100
_bGLOBAL_CHANGING_PATTERN           bssBANK0     0038
_bGLOBAL_CHANGING_PATTERN_Enforce   bssBANK0     0039
_bGLOBAL_DISABLE_SYNC_Line_PRESSED  bssBANK0     003A
_bGLOBAL_ENABLE_LEDS                bssBANK0     003B
_bGLOBAL_END_OF_CYCLE_COND1         bssBANK0     003C
_bGLOBAL_END_OF_CYCLE_COND2         bssBANK0     003D
_bGLOBAL_IS_PROGRAMMING             bssBANK0     003E
_bGLOBAL_InPhase                    bssBANK0     003F
_bGLOBAL_InPhase_copy               bssBANK0     0022
_bGLOBAL_MODE1_PRESSED              bssBANK0     0040
_bGLOBAL_MODE2_PRESSED              bssBANK0     0041
_bGLOBAL_OUTPUT_BUFFER_CHANGED      bssBANK0     0042
_bGLOBAL_STEADY_ON                  bssBANK0     0043
_bGLOBAL_SYNC_Line_PRESSED          bssBANK0     0044
_bGLOBAL_SYNC_SENT                  bssBANK0     0045
_eecpymem                           text5        001B
_isr                                text15       04A6
_main                               maintext     05E3
_memcpyee                           text13       0694
btemp                               (abs)        007E
clear_ram0                          clrtext      07F8
eecpymem@cp                         cstackBANK0  0052
eecpymem@from                       cstackCOMMON 0074
eecpymem@size                       cstackCOMMON 0075
eecpymem@to                         cstackBANK0  0053
end_of_initialization               cinit        0019
i1SetOUTPUT@temporaryGPIO           cstackCOMMON 0071
i1_SetOUTPUT                        text16       06C0
interrupt_function                  intentry     0004
intlevel0                           functab      0000
intlevel1                           functab      0000
intlevel2                           functab      0000
intlevel3                           functab      0000
intlevel4                           functab      0000
intlevel5                           functab      0000
isr@temp_data1                      cstackCOMMON 0073
ltemp                               (abs)        007E
ltemp0                              (abs)        007E
ltemp1                              (abs)        0082
ltemp2                              (abs)        0086
ltemp3                              (abs)        0080
main@tempvar1                       cstackBANK0  005A
memcpyee@from                       cstackCOMMON 0074
memcpyee@ptr                        cstackBANK0  0052
memcpyee@size                       cstackCOMMON 0075
memcpyee@to                         cstackBANK0  0053
reset_vec                           reset_vec    0000
saved_w                             (abs)        007E
stackhi                             (abs)        0000
stacklo                             (abs)        0000
start                               init         000F
start_initialization                cinit        0010
ttemp                               (abs)        007E
ttemp0                              (abs)        007E
ttemp1                              (abs)        0081
ttemp2                              (abs)        0084
ttemp3                              (abs)        0087
ttemp4                              (abs)        007F
wtemp                               (abs)        007E
wtemp0                              (abs)        007E
wtemp1                              (abs)        0080
wtemp2                              (abs)        0082
wtemp3                              (abs)        0084
wtemp4                              (abs)        0086
wtemp5                              (abs)        0088
wtemp6                              (abs)        007F


FUNCTION INFORMATION:

 *************** function _main *****************
 Defined at:
		line 599 in file "main.c"
 Parameters:    Size  Location     Type
		None
 Auto vars:     Size  Location     Type
  tempvar1        1   20[BANK0 ] unsigned char 
 Return value:  Size  Location     Type
                  1    wreg      void 
 Registers used:
		wreg, fsr0l, fsr0h, status,2, status,0, pclath, cstack
 Tracked objects:
		On entry : 
		On exit  : 
		Unchanged: 
 Data sizes:     COMMON   BANK0   BANK1
      Params:         0       0       0
      Locals:         0       1       0
      Temps:          0       0       0
      Totals:         0       1       0
Total ram usage:        1 bytes
 Hardware stack levels required when called:    7
 This function calls:
		_ConfigureOscillator
		_INC_EEPROM_MODE
		_InitApp
		_Initial_Start
		_ReWriteEEPROM
		_SetOUTPUT
		_Update_Input_Mode_Type
 This function is called by:
		Startup code after reset
 This function uses a non-reentrant model


 *************** function _SetOUTPUT *****************
 Defined at:
		line 409 in file "main.c"
 Parameters:    Size  Location     Type
		None
 Auto vars:     Size  Location     Type
  temporaryGPI    1    5[COMMON] unsigned char 
 Return value:  Size  Location     Type
                  1    wreg      void 
 Registers used:
		wreg, status,2, status,0
 Tracked objects:
		On entry : 
		On exit  : 
		Unchanged: 
 Data sizes:     COMMON   BANK0   BANK1
      Params:         0       0       0
      Locals:         1       0       0
      Temps:          1       0       0
      Totals:         2       0       0
Total ram usage:        2 bytes
 Hardware stack levels used:    1
 Hardware stack levels required when called:    2
 This function calls:
		Nothing
 This function is called by:
		_main
 This function uses a non-reentrant model


 *************** function _Initial_Start *****************
 Defined at:
		line 581 in file "main.c"
 Parameters:    Size  Location     Type
		None
 Auto vars:     Size  Location     Type
  i               1   19[BANK0 ] unsigned char 
  read_data       1   18[BANK0 ] unsigned char 
 Return value:  Size  Location     Type
                  1    wreg      void 
 Registers used:
		wreg, fsr0l, fsr0h, status,2, status,0, pclath, cstack
 Tracked objects:
		On entry : 
		On exit  : 
		Unchanged: 
 Data sizes:     COMMON   BANK0   BANK1
      Params:         0       0       0
      Locals:         0       2       0
      Temps:          0       1       0
      Totals:         0       3       0
Total ram usage:        3 bytes
 Hardware stack levels used:    1
 Hardware stack levels required when called:    6
 This function calls:
		_Update_ComboPattern_Index
		_Update_Input_Mode_Type
		_WriteEEPROMDefaults
		___eetoc
 This function is called by:
		_main
 This function uses a non-reentrant model


 *************** function _WriteEEPROMDefaults *****************
 Defined at:
		line 452 in file "main.c"
 Parameters:    Size  Location     Type
		None
 Auto vars:     Size  Location     Type
		None
 Return value:  Size  Location     Type
                  1    wreg      void 
 Registers used:
		wreg, fsr0l, fsr0h, status,2, status,0, pclath, cstack
 Tracked objects:
		On entry : 
		On exit  : 
		Unchanged: 
 Data sizes:     COMMON   BANK0   BANK1
      Params:         0       0       0
      Locals:         0       0       0
      Temps:          0       0       0
      Totals:         0       0       0
Total ram usage:        0 bytes
 Hardware stack levels used:    1
 Hardware stack levels required when called:    5
 This function calls:
		_ReWriteEEPROM
		___eetoc
 This function is called by:
		_Initial_Start
 This function uses a non-reentrant model


 *************** function ___eetoc *****************
 Defined at:
		line 96 in file "C:\Program Files (x86)\Microchip\xc8\v1.38\sources\pic\eeprom.c"
 Parameters:    Size  Location     Type
  addr            1    wreg     PTR eeprom void 
		 -> EEprom_InPhase(2), EEprom_mode(2), EEprom_Written_Flag(1), 
 Auto vars:     Size  Location     Type
  addr            1   14[BANK0 ] PTR eeprom void 
		 -> EEprom_InPhase(2), EEprom_mode(2), EEprom_Written_Flag(1), 
  data            1   15[BANK0 ] unsigned char 
 Return value:  Size  Location     Type
                  1    wreg      unsigned char 
 Registers used:
		wreg, fsr0l, fsr0h, status,2, status,0, pclath, cstack
 Tracked objects:
		On entry : 
		On exit  : 
		Unchanged: 
 Data sizes:     COMMON   BANK0   BANK1
      Params:         0       0       0
      Locals:         0       2       0
      Temps:          0       0       0
      Totals:         0       2       0
Total ram usage:        2 bytes
 Hardware stack levels used:    1
 Hardware stack levels required when called:    3
 This function calls:
		_eecpymem
 This function is called by:
		_WriteEEPROMDefaults
		_Initial_Start
 This function uses a non-reentrant model


 *************** function _eecpymem *****************
 Defined at:
		line 6 in file "C:\Program Files (x86)\Microchip\xc8\v1.38\sources\pic\eeprom.c"
 Parameters:    Size  Location     Type
  to              1    wreg     PTR volatile unsigned ch
		 -> __eetofl@data(3), __eetoft@data(3), __eetol@data(4), __eetom@data(3), 
		 -> __eetoi@data(2), __eetoc@data(1), 
  from            1    4[COMMON] PTR eeprom unsigned char
		 -> EEprom_InPhase(2), EEprom_mode(2), EEprom_Written_Flag(1), 
  size            1    5[COMMON] unsigned char 
 Auto vars:     Size  Location     Type
  to              1   13[BANK0 ] PTR volatile unsigned ch
		 -> __eetofl@data(3), __eetoft@data(3), __eetol@data(4), __eetom@data(3), 
		 -> __eetoi@data(2), __eetoc@data(1), 
  cp              1   12[BANK0 ] PTR volatile unsigned ch
		 -> __eetofl@data(3), __eetoft@data(3), __eetol@data(4), __eetom@data(3), 
		 -> __eetoi@data(2), __eetoc@data(1), 
 Return value:  Size  Location     Type
                  1    wreg      void 
 Registers used:
		wreg, fsr0l, fsr0h, status,2, status,0
 Tracked objects:
		On entry : 
		On exit  : 
		Unchanged: 
 Data sizes:     COMMON   BANK0   BANK1
      Params:         2       0       0
      Locals:         0       2       0
      Temps:          0       0       0
      Totals:         2       2       0
Total ram usage:        4 bytes
 Hardware stack levels used:    1
 Hardware stack levels required when called:    2
 This function calls:
		Nothing
 This function is called by:
		___eetoc
 This function uses a non-reentrant model


 *************** function _Update_Input_Mode_Type *****************
 Defined at:
		line 568 in file "main.c"
 Parameters:    Size  Location     Type
		None
 Auto vars:     Size  Location     Type
		None
 Return value:  Size  Location     Type
                  1    wreg      void 
 Registers used:
		wreg, fsr0l, fsr0h, status,2, status,0, pclath, cstack
 Tracked objects:
		On entry : 
		On exit  : 
		Unchanged: 
 Data sizes:     COMMON   BANK0   BANK1
      Params:         0       0       0
      Locals:         0       0       0
      Temps:          0       0       0
      Totals:         0       0       0
Total ram usage:        0 bytes
 Hardware stack levels used:    1
 Hardware stack levels required when called:    3
 This function calls:
		_Update_ComboPattern_Index
 This function is called by:
		_Initial_Start
		_main
 This function uses a non-reentrant model


 *************** function _InitApp *****************
 Defined at:
		line 22 in file "user.c"
 Parameters:    Size  Location     Type
		None
 Auto vars:     Size  Location     Type
		None
 Return value:  Size  Location     Type
                  1    wreg      void 
 Registers used:
		wreg, status,2, status,0, pclath, cstack
 Tracked objects:
		On entry : 
		On exit  : 
		Unchanged: 
 Data sizes:     COMMON   BANK0   BANK1
      Params:         0       0       0
      Locals:         0       0       0
      Temps:          0       0       0
      Totals:         0       0       0
Total ram usage:        0 bytes
 Hardware stack levels used:    1
 Hardware stack levels required when called:    3
 This function calls:
		_WaitForSYNC_PU
 This function is called by:
		_main
 This function uses a non-reentrant model


 *************** function _WaitForSYNC_PU *****************
 Defined at:
		line 440 in file "main.c"
 Parameters:    Size  Location     Type
		None
 Auto vars:     Size  Location     Type
  temp001         1    4[COMMON] unsigned char 
 Return value:  Size  Location     Type
                  1    wreg      void 
 Registers used:
		wreg, status,2, status,0
 Tracked objects:
		On entry : 
		On exit  : 
		Unchanged: 
 Data sizes:     COMMON   BANK0   BANK1
      Params:         0       0       0
      Locals:         1       0       0
      Temps:          0       0       0
      Totals:         1       0       0
Total ram usage:        1 bytes
 Hardware stack levels used:    1
 Hardware stack levels required when called:    2
 This function calls:
		Nothing
 This function is called by:
		_InitApp
 This function uses a non-reentrant model


 *************** function _INC_EEPROM_MODE *****************
 Defined at:
		line 478 in file "main.c"
 Parameters:    Size  Location     Type
		None
 Auto vars:     Size  Location     Type
  Temp_Mode_Da    1   17[BANK0 ] unsigned char 
 Return value:  Size  Location     Type
                  1    wreg      void 
 Registers used:
		wreg, fsr0l, fsr0h, status,2, status,0, pclath, cstack
 Tracked objects:
		On entry : 
		On exit  : 
		Unchanged: 
 Data sizes:     COMMON   BANK0   BANK1
      Params:         0       0       0
      Locals:         0       1       0
      Temps:          0       0       0
      Totals:         0       1       0
Total ram usage:        1 bytes
 Hardware stack levels used:    1
 Hardware stack levels required when called:    5
 This function calls:
		_ReWriteEEPROM
		_Update_ComboPattern_Index
 This function is called by:
		_main
 This function uses a non-reentrant model


 *************** function _Update_ComboPattern_Index *****************
 Defined at:
		line 536 in file "main.c"
 Parameters:    Size  Location     Type
		None
 Auto vars:     Size  Location     Type
		None
 Return value:  Size  Location     Type
                  1    wreg      void 
 Registers used:
		wreg, fsr0l, fsr0h, status,2, status,0
 Tracked objects:
		On entry : 
		On exit  : 
		Unchanged: 
 Data sizes:     COMMON   BANK0   BANK1
      Params:         0       0       0
      Locals:         0       0       0
      Temps:          0       0       0
      Totals:         0       0       0
Total ram usage:        0 bytes
 Hardware stack levels used:    1
 Hardware stack levels required when called:    2
 This function calls:
		Nothing
 This function is called by:
		_INC_EEPROM_MODE
		_Update_Input_Mode_Type
		_Initial_Start
 This function uses a non-reentrant model


 *************** function _ReWriteEEPROM *****************
 Defined at:
		line 467 in file "main.c"
 Parameters:    Size  Location     Type
		None
 Auto vars:     Size  Location     Type
  i               1   16[BANK0 ] unsigned char 
 Return value:  Size  Location     Type
                  1    wreg      void 
 Registers used:
		wreg, fsr0l, fsr0h, status,2, status,0, pclath, cstack
 Tracked objects:
		On entry : 
		On exit  : 
		Unchanged: 
 Data sizes:     COMMON   BANK0   BANK1
      Params:         0       0       0
      Locals:         0       1       0
      Temps:          0       0       0
      Totals:         0       1       0
Total ram usage:        1 bytes
 Hardware stack levels used:    1
 Hardware stack levels required when called:    4
 This function calls:
		___ctoee
 This function is called by:
		_WriteEEPROMDefaults
		_INC_EEPROM_MODE
		_main
 This function uses a non-reentrant model


 *************** function ___ctoee *****************
 Defined at:
		line 128 in file "C:\Program Files (x86)\Microchip\xc8\v1.38\sources\pic\eeprom.c"
 Parameters:    Size  Location     Type
  addr            1    wreg     PTR eeprom void 
		 -> EEprom_InPhase(2), EEprom_mode(2), EEprom_Written_Flag(1), 
  data            1   14[BANK0 ] unsigned char 
 Auto vars:     Size  Location     Type
  addr            1   15[BANK0 ] PTR eeprom void 
		 -> EEprom_InPhase(2), EEprom_mode(2), EEprom_Written_Flag(1), 
 Return value:  Size  Location     Type
                  1    wreg      unsigned char 
 Registers used:
		wreg, fsr0l, fsr0h, status,2, status,0, pclath, cstack
 Tracked objects:
		On entry : 
		On exit  : 
		Unchanged: 
 Data sizes:     COMMON   BANK0   BANK1
      Params:         0       1       0
      Locals:         0       1       0
      Temps:          0       0       0
      Totals:         0       2       0
Total ram usage:        2 bytes
 Hardware stack levels used:    1
 Hardware stack levels required when called:    3
 This function calls:
		_memcpyee
 This function is called by:
		_ReWriteEEPROM
 This function uses a non-reentrant model


 *************** function _memcpyee *****************
 Defined at:
		line 39 in file "C:\Program Files (x86)\Microchip\xc8\v1.38\sources\pic\eeprom.c"
 Parameters:    Size  Location     Type
  to              1    wreg     PTR eeprom unsigned char
		 -> EEprom_InPhase(2), EEprom_mode(2), EEprom_Written_Flag(1), 
  from            1    4[COMMON] PTR const unsigned char 
		 -> __fltoee@data(3), __fttoee@data(3), __ltoee@data(4), __mtoee@data(3), 
		 -> __itoee@data(2), __ctoee@data(1), 
  size            1    5[COMMON] unsigned char 
 Auto vars:     Size  Location     Type
  to              1   13[BANK0 ] PTR eeprom unsigned char
		 -> EEprom_InPhase(2), EEprom_mode(2), EEprom_Written_Flag(1), 
  ptr             1   12[BANK0 ] PTR const unsigned char 
		 -> __fltoee@data(3), __fttoee@data(3), __ltoee@data(4), __mtoee@data(3), 
		 -> __itoee@data(2), __ctoee@data(1), 
 Return value:  Size  Location     Type
                  1    wreg      void 
 Registers used:
		wreg, fsr0l, fsr0h, status,2, status,0
 Tracked objects:
		On entry : 
		On exit  : 
		Unchanged: 
 Data sizes:     COMMON   BANK0   BANK1
      Params:         2       0       0
      Locals:         0       2       0
      Temps:          0       0       0
      Totals:         2       2       0
Total ram usage:        4 bytes
 Hardware stack levels used:    1
 Hardware stack levels required when called:    2
 This function calls:
		Nothing
 This function is called by:
		___ctoee
 This function uses a non-reentrant model


 *************** function _ConfigureOscillator *****************
 Defined at:
		line 18 in file "system.c"
 Parameters:    Size  Location     Type
		None
 Auto vars:     Size  Location     Type
		None
 Return value:  Size  Location     Type
                  1    wreg      void 
 Registers used:
		wreg
 Tracked objects:
		On entry : 
		On exit  : 
		Unchanged: 
 Data sizes:     COMMON   BANK0   BANK1
      Params:         0       0       0
      Locals:         0       0       0
      Temps:          0       0       0
      Totals:         0       0       0
Total ram usage:        0 bytes
 Hardware stack levels used:    1
 Hardware stack levels required when called:    2
 This function calls:
		Nothing
 This function is called by:
		_main
 This function uses a non-reentrant model


 *************** function _isr *****************
 Defined at:
		line 26 in file "interrupts.c"
 Parameters:    Size  Location     Type
		None
 Auto vars:     Size  Location     Type
  temp_data1      1    3[COMMON] volatile unsigned char 
 Return value:  Size  Location     Type
                  1    wreg      void 
 Registers used:
		wreg, fsr0l, fsr0h, status,2, status,0, btemp+1, pclath, cstack
 Tracked objects:
		On entry : 
		On exit  : 
		Unchanged: 
 Data sizes:     COMMON   BANK0   BANK1
      Params:         0       0       0
      Locals:         1       0       0
      Temps:          0      12       0
      Totals:         1      12       0
Total ram usage:       13 bytes
 Hardware stack levels used:    1
 Hardware stack levels required when called:    1
 This function calls:
		_Read_Mode_Input
		___bmul
		i1_SetOUTPUT
 This function is called by:
		Interrupt level 1
 This function uses a non-reentrant model


 *************** function i1_SetOUTPUT *****************
 Defined at:
		line 409 in file "main.c"
 Parameters:    Size  Location     Type
		None
 Auto vars:     Size  Location     Type
  SetOUTPUT       1    1[COMMON] unsigned char 
 Return value:  Size  Location     Type
                  1    wreg      void 
 Registers used:
		wreg, status,2, status,0
 Tracked objects:
		On entry : 
		On exit  : 
		Unchanged: 
 Data sizes:     COMMON   BANK0   BANK1
      Params:         0       0       0
      Locals:         1       0       0
      Temps:          1       0       0
      Totals:         2       0       0
Total ram usage:        2 bytes
 Hardware stack levels used:    1
 This function calls:
		Nothing
 This function is called by:
		_isr
 This function uses a non-reentrant model


 *************** function ___bmul *****************
 Defined at:
		line 4 in file "C:\Program Files (x86)\Microchip\xc8\v1.38\sources\common\Umul8.c"
 Parameters:    Size  Location     Type
  multiplier      1    wreg     unsigned char 
  multiplicand    1    0[COMMON] unsigned char 
 Auto vars:     Size  Location     Type
  multiplier      1    2[COMMON] unsigned char 
  product         1    1[COMMON] unsigned char 
 Return value:  Size  Location     Type
                  1    wreg      unsigned char 
 Registers used:
		wreg, status,2, status,0
 Tracked objects:
		On entry : 
		On exit  : 
		Unchanged: 
 Data sizes:     COMMON   BANK0   BANK1
      Params:         1       0       0
      Locals:         2       0       0
      Temps:          0       0       0
      Totals:         3       0       0
Total ram usage:        3 bytes
 Hardware stack levels used:    1
 This function calls:
		Nothing
 This function is called by:
		_isr
 This function uses a non-reentrant model


 *************** function _Read_Mode_Input *****************
 Defined at:
		line 505 in file "main.c"
 Parameters:    Size  Location     Type
		None
 Auto vars:     Size  Location     Type
		None
 Return value:  Size  Location     Type
                  1    wreg      void 
 Registers used:
		wreg, status,2, status,0
 Tracked objects:
		On entry : 
		On exit  : 
		Unchanged: 
 Data sizes:     COMMON   BANK0   BANK1
      Params:         0       0       0
      Locals:         0       0       0
      Temps:          0       0       0
      Totals:         0       0       0
Total ram usage:        0 bytes
 Hardware stack levels used:    1
 This function calls:
		Nothing
 This function is called by:
		_isr
 This function uses a non-reentrant model



MODULE INFORMATION

Module		Function		Class		Link	Load	Size
C:\Program Files (x86)\Microchip\xc8\v1.38\sources\pic\eeprom.c
		_eecpymem      		CODE           	001B	0000	29
		___eetoc       		CODE           	0059	0000	11
		___ctoee       		CODE           	006D	0000	8
		_memcpyee      		CODE           	0694	0000	45

C:\Program Files (x86)\Microchip\xc8\v1.38\sources\pic\eeprom.c estimated size: 93

interrupts.c
		_isr           		CODE           	04A6	0000	318

interrupts.c estimated size: 318

C:\Program Files (x86)\Microchip\xc8\v1.38\sources\common\Umul8.c
		___bmul        		CODE           	06EA	0000	43

C:\Program Files (x86)\Microchip\xc8\v1.38\sources\common\Umul8.c estimated size: 43

shared
		__stringtab    		STRCODE        	0100	0000	19
		_ROM_Sub_Patterns		STRCODE        	0302	0000	211
		_ROM_Sub_Patterns_Time		STRCODE        	03D4	0000	211
		__initialization		CODE           	0010	0000	10
		i1_SetOUTPUT   		CODE           	06C0	0000	43
		_ROM_COMBO_Patterns		STRCODE        	0112	0000	497

shared estimated size: 991

user.c
		_InitApp       		CODE           	0764	0000	40

user.c estimated size: 40

main.c
		_ReWriteEEPROM 		CODE           	07D5	0000	36
		_WriteEEPROMDefaults		CODE           	004C	0000	14
		_main          		CODE           	05E3	0000	133
		_Update_Input_Mode_Type		CODE           	0037	0000	22
		_WaitForSYNC_PU		CODE           	0063	0000	11
		_SetOUTPUT     		CODE           	0714	0000	42
		_Initial_Start 		CODE           	073D	0000	40
		_INC_EEPROM_MODE		CODE           	078B	0000	38
		_Read_Mode_Input		CODE           	07B0	0000	38
		_Update_ComboPattern_Index		CODE           	0667	0000	46

main.c estimated size: 420

system.c
		_ConfigureOscillator		CODE           	0074	0000	8

system.c estimated size: 8

