Microchip MPLAB XC8 Compiler V1.45 ()

Linker command line:

--edf=C:\Program Files (x86)\Microchip\xc8\v1.45\dat\en_msgs.txt -cs \
  -h+dist/XC8_PIC12F683/production\Firm-TF12S.production.sym \
  --cmf=dist/XC8_PIC12F683/production\Firm-TF12S.production.cmf -z -Q12F683 \
  -oC:\Users\kylep\AppData\Local\Temp\s23c.2 \
  -Mdist/XC8_PIC12F683/production/Firm-TF12S.production.map -E1 -ver=XC8 \
  -ASTACK=0A0h-0bfh -pstack=STACK -ACODE=00h-07FFh -ASTRCODE=00h-07FFh \
  -ASTRING=00h-0FFhx8 -ACONST=00h-0FFhx8 -AENTRY=00h-0FFhx8 \
  -ACOMMON=070h-07Fh -ABANK0=020h-06Fh -ABANK1=0A0h-0BFh \
  -ARAM=020h-06Fh,0A0h-0BFh -AABS1=020h-07Fh,0A0h-0BFh -ASFR0=00h-01Fh \
  -ASFR1=080h-09Fh -preset_vec=00h,intentry=04h,init,end_init \
  -ppowerup=CODE -pcinit=CODE -pfunctab=ENTRY -ACONFIG=02007h-02007h \
  -pconfig=CONFIG -DCONFIG=2 -AIDLOC=02000h-02003h -pidloc=IDLOC -DIDLOC=2 \
  -AEEDATA=00h-0FFh/02100h -peeprom_data=EEDATA -DEEDATA=2 -DCODE=2 \
  -DSTRCODE=2 -DSTRING=2 -DCONST=2 -DENTRY=2 -k \
  C:\Users\kylep\AppData\Local\Temp\s23c.obj \
  dist/XC8_PIC12F683/production\Firm-TF12S.production.obj 

Object code version is 3.11

Machine type is 12F683



                Name                               Link     Load   Length Selector   Space Scale
C:\Users\kylep\AppData\Local\Temp\s23c.obj
                end_init                              F        F        1        8       0
                reset_vec                             0        0        1        0       0
                config                             2007     2007        1     400E       0
dist/XC8_PIC12F683/production\Firm-TF12S.production.obj
                cinit                                10       10        B        8       0
                intentry                              4        4        B        8       0
                text19                              6AD      6AD       25      668       0
                text18                              60F      60F       2A      668       0
                text17                              712      712       19      668       0
                text16                              560      560       41      668       0
                text15                              334      334      149      668       0
                text14                              76E      76E        7      668       0
                text13                              5E1      5E1       2E      668       0
                text12                              767      767        7      668       0
                text11                              6F2      6F2       20      668       0
                text10                              505      505       5B      668       0
                text9                               688      688       25      668       0
                text8                               74D      74D        A      668       0
                text7                               639      639       28      668       0
                text6                               72B      72B       15      668       0
                text5                               6D2      6D2       20      668       0
                text4                               75F      75F        8      668       0
                text3                               740      740        D      668       0
                text2                               661      661       27      668       0
                text1                               5A1      5A1       40      668       0
                maintext                            47D      47D       88      668       0
                cstackBANK0                          49       49       15       20       1
                cstackCOMMON                         77       77        7       70       1
                clrtext                             757      757        8      668       0
                bssBANK0                             20       20       29       20       1
                bssCOMMON                            70       70        7       70       1
                bssEEDATA                             0     2100        5     4200       3
                stringtext                          100      100      234        2       0

TOTAL           Name                               Link     Load   Length     Space
        CLASS   STACK          

        CLASS   CODE           
                end_init                              F        F        1         0
                cinit                                10       10        B         0
                intentry                              4        4        B         0
                reset_vec                             0        0        1         0
                text19                              6AD      6AD       25         0
                text18                              60F      60F       2A         0
                text17                              712      712       19         0
                text16                              560      560       41         0
                text15                              334      334      149         0
                text14                              76E      76E        7         0
                text13                              5E1      5E1       2E         0
                text12                              767      767        7         0
                text11                              6F2      6F2       20         0
                text10                              505      505       5B         0
                text9                               688      688       25         0
                text8                               74D      74D        A         0
                text7                               639      639       28         0
                text6                               72B      72B       15         0
                text5                               6D2      6D2       20         0
                text4                               75F      75F        8         0
                text3                               740      740        D         0
                text2                               661      661       27         0
                text1                               5A1      5A1       40         0
                maintext                            47D      47D       88         0
                clrtext                             757      757        8         0

        CLASS   STRCODE        
                stringtext                          100      100      234         0

        CLASS   STRING         

        CLASS   CONST          

        CLASS   ENTRY          

        CLASS   COMMON         
                cstackCOMMON                         77       77        7         1
                bssCOMMON                            70       70        7         1

        CLASS   BANK0          
                cstackBANK0                          49       49       15         1
                bssBANK0                             20       20       29         1

        CLASS   BANK1          

        CLASS   RAM            

        CLASS   ABS1           
                abs_s1                               7E       7E        2         1

        CLASS   SFR0           

        CLASS   SFR1           

        CLASS   CONFIG         
                config                             2007     2007        1         0

        CLASS   IDLOC          

        CLASS   EEDATA         
                bssEEDATA                             0     2100        5         3



SEGMENTS        Name                           Load    Length   Top    Selector   Space  Class     Delta

                reset_vec                      000000  000001  000001         0       0  CODE        2
                intentry                       000004  000017  00001B         8       0  CODE        2
                bssBANK0                       000020  00003E  00005E        20       1  BANK0       1
                bssCOMMON                      000070  00000E  00007E        70       1  COMMON      1
                stringtext                     000100  000234  000334         2       0  STRCODE     2
                text15                         000334  000441  000775       668       0  CODE        2
                config                         002007  000001  002008      400E       0  CONFIG      2
                bssEEDATA                      002100  000005  002105      4200       3  EEDATA      2


UNUSED ADDRESS RANGES

        Name                Unused          Largest block    Delta
        BANK0            005E-006F             12           1
        BANK1            00A0-00BF             20           1
        CODE             0001-0003              3           2
                         001B-00FF             E5
                         0775-07FF             8B
        CONST            0001-0003              3           2
                         001B-00FF             E5
                         0775-07FF             8B
        EEDATA           2105-21FF             FB           2
        ENTRY            0001-0003              3           2
                         001B-00FF             E5
                         0775-07FF             8B
        IDLOC            2000-2003              4           2
        RAM              005E-006F             12           1
                         00A0-00BF             20
        SFR0             0000-001F             20           1
        SFR1             0080-009F             20           1
        STACK            00A0-00BF             20           1
        STRCODE          0001-0003              3           2
                         001B-00FF             E5
                         0775-07FF             8B
        STRING           0001-0003              3           2
                         001B-00FF             E5
                         0775-07FF             8B

                                  Symbol Table

?___wmul                            cstackCOMMON 0077
INC_EEPROM_MODE@Temp_Mode_Data      cstackBANK0  005A
Initial_Start@i                     cstackBANK0  005C
Initial_Start@read_data             cstackBANK0  005B
ReWriteEEPROM@i                     cstackBANK0  0059
SetOUTPUT@pwmCounter                bssBANK0     0024
SetOUTPUT@temporaryGPIO             bssBANK0     0025
WaitForSYNC_PU@temp001              cstackBANK0  0053
_ANSEL                              (abs)        009F
_CARRY                              (abs)        0018
_CMCON0                             (abs)        0019
_ConfigureOscillator                text14       076E
_EEADR                              (abs)        009B
_EECON1                             (abs)        009C
_EECON2                             (abs)        009D
_EEDATA                             (abs)        009A
_EEprom_InPhase                     bssEEDATA    0000
_EEprom_Written_Flag                bssEEDATA    0004
_EEprom_mode                        bssEEDATA    0002
_GIE                                (abs)        005F
_GLOBAL_CHANNELS_EN                 bssBANK0     002F
_GLOBAL_CHANNELS_EN_DUAL            bssBANK0     003E
_GLOBAL_CHANNELS_EN_copy            bssBANK0     002E
_GLOBAL_Dummy_Counter               bssBANK0     003B
_GLOBAL_Dummy_Counter2              bssBANK0     003A
_GLOBAL_MODE1_LOW_counter           bssBANK0     0032
_GLOBAL_MODE1_counter               bssBANK0     0035
_GLOBAL_MODE2_LOW_counter           bssBANK0     0030
_GLOBAL_MODE2_counter               bssBANK0     0033
_GLOBAL_Mode_copy                   bssBANK0     0022
_GLOBAL_SYNC_Line_LOW_counter       bssBANK0     0031
_GLOBAL_SYNC_Line_counter           bssBANK0     0034
_GLOBAL_SYNC_PULSE_Counter          bssCOMMON    0071
_GLOBAL_Selected_Mode_Number        bssCOMMON    0070
_GLOBAL_Selected_Mode_Type          bssBANK0     0037
_GLOBAL_Selected_Mode_Type_copy     bssBANK0     0036
_GLOBAL_combo_patterns_column_index bssCOMMON    0073
_GLOBAL_combo_patterns_counter      bssBANK0     0038
_GLOBAL_combo_patterns_index        bssBANK0     0043
_GLOBAL_combo_patterns_index_copy   bssBANK0     0044
_GLOBAL_sub_patterns_column_index   bssCOMMON    0076
_GLOBAL_sub_patterns_index          bssCOMMON    0075
_GLOBAL_sub_patterns_index_copy     bssBANK0     0045
_GLOBAL_sub_patterns_timer          bssBANK0     0046
_GPIO                               (abs)        0005
_GPIObits                           (abs)        0005
_INC_EEPROM_MODE                    text9        0688
_INTCON                             (abs)        000B
_INTCONbits                         (abs)        000B
_InitApp                            text7        0639
_Initial_Start                      text2        0661
_OPTION_REGbits                     (abs)        0081
_OSCCON                             (abs)        008F
_OSCCONbits                         (abs)        008F
_OUTPUT_BUFFER                      bssCOMMON    0074
_OUTPUT_BUFFER_COPY                 bssBANK0     003C
_RD                                 (abs)        04E0
_ROM_COMBO_Patterns                 stringtext   0112
_ROM_Sub_Patterns                   stringtext   0246
_ROM_Sub_Patterns_Time              stringtext   02BD
_ReWriteEEPROM                      text11       06F2
_Read_Mode_Input                    text19       06AD
_SetOUTPUT                          text1        05A1
_TMR0                               (abs)        0001
_TRISIO                             (abs)        0085
_TRISIObits                         (abs)        0085
_Update_ComboPattern_Index          text10       0505
_Update_Input_Mode_Type             text6        072B
_WDTCON                             (abs)        0018
_WPU                                (abs)        0095
_WR                                 (abs)        04E1
_WREN                               (abs)        04E2
_WaitForSYNC_PU                     text8        074D
_WriteEEPROMDefaults                text3        0740
__CFG_BOREN$ON                      (abs)        0000
__CFG_CP$ON                         (abs)        0000
__CFG_CPD$ON                        (abs)        0000
__CFG_FCMEN$ON                      (abs)        0000
__CFG_FOSC$INTOSCIO                 (abs)        0000
__CFG_IESO$OFF                      (abs)        0000
__CFG_MCLRE$OFF                     (abs)        0000
__CFG_PWRTE$OFF                     (abs)        0000
__CFG_WDTE$ON                       (abs)        0000
__Habs1                             abs1         0000
__Hbank0                            bank0        0000
__Hbank1                            bank1        0000
__HbssBANK0                         bssBANK0     0000
__HbssCOMMON                        bssCOMMON    0000
__HbssEEDATA                        bssEEDATA    0000
__Hcinit                            cinit        001B
__Hclrtext                          clrtext      0000
__Hcode                             code         0000
__Hcommon                           common       0000
__Hconfig                           config       2008
__HcstackBANK0                      cstackBANK0  0000
__HcstackCOMMON                     cstackCOMMON 0000
__Heeprom_data                      eeprom_data  0000
__Hend_init                         end_init     0010
__Hfunctab                          functab      0000
__Hidloc                            idloc        0000
__Hinit                             init         000F
__Hintentry                         intentry     000F
__Hmaintext                         maintext     0000
__Hpa_nodes0                        pa_nodes0    0000
__Hpowerup                          powerup      0000
__Hram                              ram          0000
__Hreset_vec                        reset_vec    0001
__Hsfr0                             sfr0         0000
__Hsfr1                             sfr1         0000
__Hspace_0                          (abs)        2008
__Hspace_1                          (abs)        007E
__Hspace_2                          (abs)        0000
__Hspace_3                          (abs)        0005
__Hstack                            stack        0000
__Hstrings                          strings      0000
__Hstringtext                       stringtext   0000
__Htext                             text         0000
__Labs1                             abs1         0000
__Lbank0                            bank0        0000
__Lbank1                            bank1        0000
__LbssBANK0                         bssBANK0     0000
__LbssCOMMON                        bssCOMMON    0000
__LbssEEDATA                        bssEEDATA    0000
__Lcinit                            cinit        0010
__Lclrtext                          clrtext      0000
__Lcode                             code         0000
__Lcommon                           common       0000
__Lconfig                           config       2007
__LcstackBANK0                      cstackBANK0  0000
__LcstackCOMMON                     cstackCOMMON 0000
__Leeprom_data                      eeprom_data  0000
__Lend_init                         end_init     000F
__Lfunctab                          functab      0000
__Lidloc                            idloc        0000
__Linit                             init         000F
__Lintentry                         intentry     0004
__Lmaintext                         maintext     0000
__Lpa_nodes0                        pa_nodes0    0000
__Lpowerup                          powerup      0000
__Lram                              ram          0000
__Lreset_vec                        reset_vec    0000
__Lsfr0                             sfr0         0000
__Lsfr1                             sfr1         0000
__Lspace_0                          (abs)        0000
__Lspace_1                          (abs)        0000
__Lspace_2                          (abs)        0000
__Lspace_3                          (abs)        0000
__Lstack                            stack        0000
__Lstrings                          strings      0000
__Lstringtext                       stringtext   0000
__Ltext                             text         0000
__S0                                (abs)        2008
__S1                                (abs)        007E
__S2                                (abs)        0000
__S3                                (abs)        2105
___bmul                             text18       060F
___bmul@multiplicand                cstackCOMMON 0077
___bmul@multiplier                  cstackCOMMON 0079
___bmul@product                     cstackCOMMON 0078
___ctoee                            text12       0767
___ctoee@addr                       cstackBANK0  0058
___ctoee@data                       cstackBANK0  0057
___eetoc                            text4        075F
___eetoc@addr                       cstackBANK0  0057
___eetoc@data                       cstackBANK0  0058
___int_sp                           stack        0000
___latbits                          (abs)        0000
___sp                               stack        0000
___wmul                             text17       0712
___wmul@multiplicand                cstackCOMMON 0079
___wmul@multiplier                  cstackCOMMON 0077
___wmul@product                     cstackCOMMON 007B
__end_of_ConfigureOscillator        text14       0775
__end_of_INC_EEPROM_MODE            text9        06AD
__end_of_InitApp                    text7        0661
__end_of_Initial_Start              text2        0688
__end_of_ROM_COMBO_Patterns         stringtext   0246
__end_of_ROM_Sub_Patterns           stringtext   02BD
__end_of_ROM_Sub_Patterns_Time      stringtext   0334
__end_of_ReWriteEEPROM              text11       0712
__end_of_Read_Mode_Input            text19       06D2
__end_of_SetOUTPUT                  text1        05E1
__end_of_Update_ComboPattern_Index  text10       0560
__end_of_Update_Input_Mode_Type     text6        0740
__end_of_WaitForSYNC_PU             text8        0757
__end_of_WriteEEPROMDefaults        text3        074D
__end_of___bmul                     text18       0639
__end_of___ctoee                    text12       076E
__end_of___eetoc                    text4        0767
__end_of___wmul                     text17       072B
__end_of__initialization            cinit        0019
__end_of__stringtab                 stringtext   0112
__end_of_eecpymem                   text5        06F2
__end_of_isr                        text15       047D
__end_of_main                       maintext     0505
__end_of_memcpyee                   text13       060F
__end_ofi1_SetOUTPUT                text16       05A1
__initialization                    cinit        0010
__pbssBANK0                         bssBANK0     0020
__pbssCOMMON                        bssCOMMON    0070
__pbssEEDATA                        bssEEDATA    0000
__pcstackBANK0                      cstackBANK0  0049
__pcstackCOMMON                     cstackCOMMON 0077
__pintentry                         intentry     0004
__pmaintext                         maintext     047D
__pstringtext                       stringtext   0100
__ptext1                            text1        05A1
__ptext10                           text10       0505
__ptext11                           text11       06F2
__ptext12                           text12       0767
__ptext13                           text13       05E1
__ptext14                           text14       076E
__ptext15                           text15       0334
__ptext16                           text16       0560
__ptext17                           text17       0712
__ptext18                           text18       060F
__ptext19                           text19       06AD
__ptext2                            text2        0661
__ptext3                            text3        0740
__ptext4                            text4        075F
__ptext5                            text5        06D2
__ptext6                            text6        072B
__ptext7                            text7        0639
__ptext8                            text8        074D
__ptext9                            text9        0688
__size_of_ConfigureOscillator       (abs)        0000
__size_of_INC_EEPROM_MODE           (abs)        0000
__size_of_InitApp                   (abs)        0000
__size_of_Initial_Start             (abs)        0000
__size_of_ReWriteEEPROM             (abs)        0000
__size_of_Read_Mode_Input           (abs)        0000
__size_of_SetOUTPUT                 (abs)        0000
__size_of_Update_ComboPattern_Index (abs)        0000
__size_of_Update_Input_Mode_Type    (abs)        0000
__size_of_WaitForSYNC_PU            (abs)        0000
__size_of_WriteEEPROMDefaults       (abs)        0000
__size_of___bmul                    (abs)        0000
__size_of___ctoee                   (abs)        0000
__size_of___eetoc                   (abs)        0000
__size_of___wmul                    (abs)        0000
__size_of_eecpymem                  (abs)        0000
__size_of_isr                       (abs)        0000
__size_of_main                      (abs)        0000
__size_of_memcpyee                  (abs)        0000
__size_ofi1_SetOUTPUT               (abs)        0000
__stringbase                        stringtext   0112
__stringtab                         stringtext   0100
_bDualColor                         bssBANK0     003F
_bGLOBAL_CHANGING_PATTERN           bssBANK0     002C
_bGLOBAL_CHANGING_PATTERN_Enforce   bssBANK0     002B
_bGLOBAL_DISABLE_SYNC_Line_PRESSED  bssBANK0     002D
_bGLOBAL_ENABLE_LEDS                bssBANK0     0029
_bGLOBAL_END_OF_CYCLE_COND1         bssBANK0     0042
_bGLOBAL_END_OF_CYCLE_COND2         bssBANK0     0041
_bGLOBAL_IS_PROGRAMMING             bssBANK0     002A
_bGLOBAL_InPhase                    bssBANK0     0040
_bGLOBAL_InPhase_copy               bssBANK0     0020
_bGLOBAL_MODE1_PRESSED              bssBANK0     0028
_bGLOBAL_MODE2_PRESSED              bssBANK0     0027
_bGLOBAL_OUTPUT_BUFFER_CHANGED      bssBANK0     0048
_bGLOBAL_STEADY_ON                  bssBANK0     0047
_bGLOBAL_SYNC_Line_PRESSED          bssBANK0     0026
_bGLOBAL_SYNC_SENT                  bssBANK0     003D
_channelToBeDisplayed               bssCOMMON    0072
_eecpymem                           text5        06D2
_isr                                text15       0334
_main                               maintext     047D
_memcpyee                           text13       05E1
btemp                               (abs)        007E
clear_ram0                          clrtext      0757
eecpymem@cp                         cstackBANK0  0055
eecpymem@from                       cstackBANK0  0053
eecpymem@size                       cstackBANK0  0054
eecpymem@to                         cstackBANK0  0056
end_of_initialization               cinit        0019
i1_SetOUTPUT                        text16       0560
interrupt_function                  intentry     0004
intlevel0                           functab      0000
intlevel1                           functab      0000
intlevel2                           functab      0000
intlevel3                           functab      0000
intlevel4                           functab      0000
intlevel5                           functab      0000
isr@temp_data1                      cstackCOMMON 007D
isr@tenMSCounter                    bssBANK0     0039
main@tempvar1                       cstackBANK0  005D
memcpyee@from                       cstackBANK0  0053
memcpyee@ptr                        cstackBANK0  0055
memcpyee@size                       cstackBANK0  0054
memcpyee@to                         cstackBANK0  0056
reset_vec                           reset_vec    0000
saved_w                             (abs)        007E
stackhi                             (abs)        0000
stacklo                             (abs)        0000
start                               init         000F
start_initialization                cinit        0010
wtemp0                              (abs)        007E


FUNCTION INFORMATION:

 *************** function _main *****************
 Defined at:
		line 606 in file "main.c"
 Parameters:    Size  Location     Type
		None
 Auto vars:     Size  Location     Type
  tempvar1        1   20[BANK0 ] unsigned char 
 Return value:  Size  Location     Type
                  1    wreg      void 
 Registers used:
		wreg, fsr0l, fsr0h, status,2, status,0, pclath, cstack
 Tracked objects:
		On entry : 
		On exit  : 
		Unchanged: 
 Data sizes:     COMMON   BANK0   BANK1
      Params:         0       0       0
      Locals:         0       1       0
      Temps:          0       0       0
      Totals:         0       1       0
Total ram usage:        1 bytes
 Hardware stack levels required when called:    7
 This function calls:
		_ConfigureOscillator
		_INC_EEPROM_MODE
		_InitApp
		_Initial_Start
		_ReWriteEEPROM
		_SetOUTPUT
		_Update_ComboPattern_Index
		_Update_Input_Mode_Type
 This function is called by:
		Startup code after reset
 This function uses a non-reentrant model


 *************** function _SetOUTPUT *****************
 Defined at:
		line 314 in file "main.c"
 Parameters:    Size  Location     Type
		None
 Auto vars:     Size  Location     Type
		None
 Return value:  Size  Location     Type
                  1    wreg      void 
 Registers used:
		wreg, fsr0l, fsr0h, status,2, status,0
 Tracked objects:
		On entry : 
		On exit  : 
		Unchanged: 
 Data sizes:     COMMON   BANK0   BANK1
      Params:         0       0       0
      Locals:         0       0       0
      Temps:          0       0       0
      Totals:         0       0       0
Total ram usage:        0 bytes
 Hardware stack levels used:    1
 Hardware stack levels required when called:    2
 This function calls:
		Nothing
 This function is called by:
		_main
 This function uses a non-reentrant model


 *************** function _Initial_Start *****************
 Defined at:
		line 588 in file "main.c"
 Parameters:    Size  Location     Type
		None
 Auto vars:     Size  Location     Type
  i               1   19[BANK0 ] unsigned char 
  read_data       1   18[BANK0 ] unsigned char 
 Return value:  Size  Location     Type
                  1    wreg      void 
 Registers used:
		wreg, fsr0l, fsr0h, status,2, status,0, pclath, cstack
 Tracked objects:
		On entry : 
		On exit  : 
		Unchanged: 
 Data sizes:     COMMON   BANK0   BANK1
      Params:         0       0       0
      Locals:         0       2       0
      Temps:          0       1       0
      Totals:         0       3       0
Total ram usage:        3 bytes
 Hardware stack levels used:    1
 Hardware stack levels required when called:    6
 This function calls:
		_Update_ComboPattern_Index
		_Update_Input_Mode_Type
		_WriteEEPROMDefaults
		___eetoc
 This function is called by:
		_main
 This function uses a non-reentrant model


 *************** function _WriteEEPROMDefaults *****************
 Defined at:
		line 409 in file "main.c"
 Parameters:    Size  Location     Type
		None
 Auto vars:     Size  Location     Type
		None
 Return value:  Size  Location     Type
                  1    wreg      void 
 Registers used:
		wreg, fsr0l, fsr0h, status,2, status,0, pclath, cstack
 Tracked objects:
		On entry : 
		On exit  : 
		Unchanged: 
 Data sizes:     COMMON   BANK0   BANK1
      Params:         0       0       0
      Locals:         0       0       0
      Temps:          0       0       0
      Totals:         0       0       0
Total ram usage:        0 bytes
 Hardware stack levels used:    1
 Hardware stack levels required when called:    5
 This function calls:
		_ReWriteEEPROM
		___eetoc
 This function is called by:
		_Initial_Start
 This function uses a non-reentrant model


 *************** function ___eetoc *****************
 Defined at:
		line 96 in file "C:\Program Files (x86)\Microchip\xc8\v1.45\sources\pic\eeprom.c"
 Parameters:    Size  Location     Type
  addr            1    wreg     PTR eeprom void 
		 -> EEprom_InPhase(2), EEprom_mode(2), EEprom_Written_Flag(1), 
 Auto vars:     Size  Location     Type
  addr            1   14[BANK0 ] PTR eeprom void 
		 -> EEprom_InPhase(2), EEprom_mode(2), EEprom_Written_Flag(1), 
  data            1   15[BANK0 ] unsigned char 
 Return value:  Size  Location     Type
                  1    wreg      unsigned char 
 Registers used:
		wreg, fsr0l, fsr0h, status,2, status,0, pclath, cstack
 Tracked objects:
		On entry : 
		On exit  : 
		Unchanged: 
 Data sizes:     COMMON   BANK0   BANK1
      Params:         0       0       0
      Locals:         0       2       0
      Temps:          0       0       0
      Totals:         0       2       0
Total ram usage:        2 bytes
 Hardware stack levels used:    1
 Hardware stack levels required when called:    3
 This function calls:
		_eecpymem
 This function is called by:
		_WriteEEPROMDefaults
		_Initial_Start
 This function uses a non-reentrant model


 *************** function _eecpymem *****************
 Defined at:
		line 6 in file "C:\Program Files (x86)\Microchip\xc8\v1.45\sources\pic\eeprom.c"
 Parameters:    Size  Location     Type
  to              1    wreg     PTR volatile unsigned ch
		 -> __eetofl@data(3), __eetoft@data(3), __eetol@data(4), __eetom@data(3), 
		 -> __eetoi@data(2), __eetoc@data(1), 
  from            1   10[BANK0 ] PTR eeprom unsigned char
		 -> EEprom_InPhase(2), EEprom_mode(2), EEprom_Written_Flag(1), 
  size            1   11[BANK0 ] unsigned char 
 Auto vars:     Size  Location     Type
  to              1   13[BANK0 ] PTR volatile unsigned ch
		 -> __eetofl@data(3), __eetoft@data(3), __eetol@data(4), __eetom@data(3), 
		 -> __eetoi@data(2), __eetoc@data(1), 
  cp              1   12[BANK0 ] PTR volatile unsigned ch
		 -> __eetofl@data(3), __eetoft@data(3), __eetol@data(4), __eetom@data(3), 
		 -> __eetoi@data(2), __eetoc@data(1), 
 Return value:  Size  Location     Type
                  1    wreg      void 
 Registers used:
		wreg, fsr0l, fsr0h, status,2, status,0
 Tracked objects:
		On entry : 
		On exit  : 
		Unchanged: 
 Data sizes:     COMMON   BANK0   BANK1
      Params:         0       2       0
      Locals:         0       2       0
      Temps:          0       0       0
      Totals:         0       4       0
Total ram usage:        4 bytes
 Hardware stack levels used:    1
 Hardware stack levels required when called:    2
 This function calls:
		Nothing
 This function is called by:
		___eetoc
 This function uses a non-reentrant model


 *************** function _Update_Input_Mode_Type *****************
 Defined at:
		line 575 in file "main.c"
 Parameters:    Size  Location     Type
		None
 Auto vars:     Size  Location     Type
		None
 Return value:  Size  Location     Type
                  1    wreg      void 
 Registers used:
		wreg, fsr0l, fsr0h, status,2, status,0, pclath, cstack
 Tracked objects:
		On entry : 
		On exit  : 
		Unchanged: 
 Data sizes:     COMMON   BANK0   BANK1
      Params:         0       0       0
      Locals:         0       0       0
      Temps:          0       0       0
      Totals:         0       0       0
Total ram usage:        0 bytes
 Hardware stack levels used:    1
 Hardware stack levels required when called:    3
 This function calls:
		_Update_ComboPattern_Index
 This function is called by:
		_Initial_Start
		_main
 This function uses a non-reentrant model


 *************** function _InitApp *****************
 Defined at:
		line 22 in file "user.c"
 Parameters:    Size  Location     Type
		None
 Auto vars:     Size  Location     Type
		None
 Return value:  Size  Location     Type
                  1    wreg      void 
 Registers used:
		wreg, status,2, status,0, pclath, cstack
 Tracked objects:
		On entry : 
		On exit  : 
		Unchanged: 
 Data sizes:     COMMON   BANK0   BANK1
      Params:         0       0       0
      Locals:         0       0       0
      Temps:          0       0       0
      Totals:         0       0       0
Total ram usage:        0 bytes
 Hardware stack levels used:    1
 Hardware stack levels required when called:    3
 This function calls:
		_WaitForSYNC_PU
 This function is called by:
		_main
 This function uses a non-reentrant model


 *************** function _WaitForSYNC_PU *****************
 Defined at:
		line 397 in file "main.c"
 Parameters:    Size  Location     Type
		None
 Auto vars:     Size  Location     Type
  temp001         1   10[BANK0 ] unsigned char 
 Return value:  Size  Location     Type
                  1    wreg      void 
 Registers used:
		wreg, status,2, status,0
 Tracked objects:
		On entry : 
		On exit  : 
		Unchanged: 
 Data sizes:     COMMON   BANK0   BANK1
      Params:         0       0       0
      Locals:         0       1       0
      Temps:          0       0       0
      Totals:         0       1       0
Total ram usage:        1 bytes
 Hardware stack levels used:    1
 Hardware stack levels required when called:    2
 This function calls:
		Nothing
 This function is called by:
		_InitApp
 This function uses a non-reentrant model


 *************** function _INC_EEPROM_MODE *****************
 Defined at:
		line 435 in file "main.c"
 Parameters:    Size  Location     Type
		None
 Auto vars:     Size  Location     Type
  Temp_Mode_Da    1   17[BANK0 ] unsigned char 
 Return value:  Size  Location     Type
                  1    wreg      void 
 Registers used:
		wreg, fsr0l, fsr0h, status,2, status,0, pclath, cstack
 Tracked objects:
		On entry : 
		On exit  : 
		Unchanged: 
 Data sizes:     COMMON   BANK0   BANK1
      Params:         0       0       0
      Locals:         0       1       0
      Temps:          0       0       0
      Totals:         0       1       0
Total ram usage:        1 bytes
 Hardware stack levels used:    1
 Hardware stack levels required when called:    5
 This function calls:
		_ReWriteEEPROM
		_Update_ComboPattern_Index
 This function is called by:
		_main
 This function uses a non-reentrant model


 *************** function _Update_ComboPattern_Index *****************
 Defined at:
		line 493 in file "main.c"
 Parameters:    Size  Location     Type
		None
 Auto vars:     Size  Location     Type
		None
 Return value:  Size  Location     Type
                  1    wreg      void 
 Registers used:
		wreg, fsr0l, fsr0h, status,2, status,0
 Tracked objects:
		On entry : 
		On exit  : 
		Unchanged: 
 Data sizes:     COMMON   BANK0   BANK1
      Params:         0       0       0
      Locals:         0       0       0
      Temps:          0       0       0
      Totals:         0       0       0
Total ram usage:        0 bytes
 Hardware stack levels used:    1
 Hardware stack levels required when called:    2
 This function calls:
		Nothing
 This function is called by:
		_INC_EEPROM_MODE
		_Update_Input_Mode_Type
		_Initial_Start
		_main
 This function uses a non-reentrant model


 *************** function _ReWriteEEPROM *****************
 Defined at:
		line 424 in file "main.c"
 Parameters:    Size  Location     Type
		None
 Auto vars:     Size  Location     Type
  i               1   16[BANK0 ] unsigned char 
 Return value:  Size  Location     Type
                  1    wreg      void 
 Registers used:
		wreg, fsr0l, fsr0h, status,2, status,0, pclath, cstack
 Tracked objects:
		On entry : 
		On exit  : 
		Unchanged: 
 Data sizes:     COMMON   BANK0   BANK1
      Params:         0       0       0
      Locals:         0       1       0
      Temps:          0       0       0
      Totals:         0       1       0
Total ram usage:        1 bytes
 Hardware stack levels used:    1
 Hardware stack levels required when called:    4
 This function calls:
		___ctoee
 This function is called by:
		_WriteEEPROMDefaults
		_INC_EEPROM_MODE
		_main
 This function uses a non-reentrant model


 *************** function ___ctoee *****************
 Defined at:
		line 128 in file "C:\Program Files (x86)\Microchip\xc8\v1.45\sources\pic\eeprom.c"
 Parameters:    Size  Location     Type
  addr            1    wreg     PTR eeprom void 
		 -> EEprom_InPhase(2), EEprom_mode(2), EEprom_Written_Flag(1), 
  data            1   14[BANK0 ] unsigned char 
 Auto vars:     Size  Location     Type
  addr            1   15[BANK0 ] PTR eeprom void 
		 -> EEprom_InPhase(2), EEprom_mode(2), EEprom_Written_Flag(1), 
 Return value:  Size  Location     Type
                  1    wreg      unsigned char 
 Registers used:
		wreg, fsr0l, fsr0h, status,2, status,0, pclath, cstack
 Tracked objects:
		On entry : 
		On exit  : 
		Unchanged: 
 Data sizes:     COMMON   BANK0   BANK1
      Params:         0       1       0
      Locals:         0       1       0
      Temps:          0       0       0
      Totals:         0       2       0
Total ram usage:        2 bytes
 Hardware stack levels used:    1
 Hardware stack levels required when called:    3
 This function calls:
		_memcpyee
 This function is called by:
		_ReWriteEEPROM
 This function uses a non-reentrant model


 *************** function _memcpyee *****************
 Defined at:
		line 39 in file "C:\Program Files (x86)\Microchip\xc8\v1.45\sources\pic\eeprom.c"
 Parameters:    Size  Location     Type
  to              1    wreg     PTR eeprom unsigned char
		 -> EEprom_InPhase(2), EEprom_mode(2), EEprom_Written_Flag(1), 
  from            1   10[BANK0 ] PTR const unsigned char 
		 -> __fltoee@data(3), __fttoee@data(3), __ltoee@data(4), __mtoee@data(3), 
		 -> __itoee@data(2), __ctoee@data(1), 
  size            1   11[BANK0 ] unsigned char 
 Auto vars:     Size  Location     Type
  to              1   13[BANK0 ] PTR eeprom unsigned char
		 -> EEprom_InPhase(2), EEprom_mode(2), EEprom_Written_Flag(1), 
  ptr             1   12[BANK0 ] PTR const unsigned char 
		 -> __fltoee@data(3), __fttoee@data(3), __ltoee@data(4), __mtoee@data(3), 
		 -> __itoee@data(2), __ctoee@data(1), 
 Return value:  Size  Location     Type
                  1    wreg      void 
 Registers used:
		wreg, fsr0l, fsr0h, status,2, status,0
 Tracked objects:
		On entry : 
		On exit  : 
		Unchanged: 
 Data sizes:     COMMON   BANK0   BANK1
      Params:         0       2       0
      Locals:         0       2       0
      Temps:          0       0       0
      Totals:         0       4       0
Total ram usage:        4 bytes
 Hardware stack levels used:    1
 Hardware stack levels required when called:    2
 This function calls:
		Nothing
 This function is called by:
		___ctoee
 This function uses a non-reentrant model


 *************** function _ConfigureOscillator *****************
 Defined at:
		line 18 in file "system.c"
 Parameters:    Size  Location     Type
		None
 Auto vars:     Size  Location     Type
		None
 Return value:  Size  Location     Type
                  1    wreg      void 
 Registers used:
		wreg
 Tracked objects:
		On entry : 
		On exit  : 
		Unchanged: 
 Data sizes:     COMMON   BANK0   BANK1
      Params:         0       0       0
      Locals:         0       0       0
      Temps:          0       0       0
      Totals:         0       0       0
Total ram usage:        0 bytes
 Hardware stack levels used:    1
 Hardware stack levels required when called:    2
 This function calls:
		Nothing
 This function is called by:
		_main
 This function uses a non-reentrant model


 *************** function _isr *****************
 Defined at:
		line 26 in file "interrupts.c"
 Parameters:    Size  Location     Type
		None
 Auto vars:     Size  Location     Type
  temp_data1      1    6[COMMON] volatile unsigned char 
 Return value:  Size  Location     Type
                  1    wreg      void 
 Registers used:
		wreg, fsr0l, fsr0h, status,2, status,0, btemp+1, pclath, cstack
 Tracked objects:
		On entry : 
		On exit  : 
		Unchanged: 
 Data sizes:     COMMON   BANK0   BANK1
      Params:         0       0       0
      Locals:         1       0       0
      Temps:          0      10       0
      Totals:         1      10       0
Total ram usage:       11 bytes
 Hardware stack levels used:    1
 Hardware stack levels required when called:    1
 This function calls:
		_Read_Mode_Input
		___bmul
		___wmul
		i1_SetOUTPUT
 This function is called by:
		Interrupt level 1
 This function uses a non-reentrant model


 *************** function i1_SetOUTPUT *****************
 Defined at:
		line 314 in file "main.c"
 Parameters:    Size  Location     Type
		None
 Auto vars:     Size  Location     Type
		None
 Return value:  Size  Location     Type
                  1    wreg      void 
 Registers used:
		wreg, fsr0l, fsr0h, status,2, status,0
 Tracked objects:
		On entry : 
		On exit  : 
		Unchanged: 
 Data sizes:     COMMON   BANK0   BANK1
      Params:         0       0       0
      Locals:         0       0       0
      Temps:          0       0       0
      Totals:         0       0       0
Total ram usage:        0 bytes
 Hardware stack levels used:    1
 This function calls:
		Nothing
 This function is called by:
		_isr
 This function uses a non-reentrant model


 *************** function ___wmul *****************
 Defined at:
		line 15 in file "C:\Program Files (x86)\Microchip\xc8\v1.45\sources\common\Umul16.c"
 Parameters:    Size  Location     Type
  multiplier      2    0[COMMON] unsigned int 
  multiplicand    2    2[COMMON] unsigned int 
 Auto vars:     Size  Location     Type
  product         2    4[COMMON] unsigned int 
 Return value:  Size  Location     Type
                  2    0[COMMON] unsigned int 
 Registers used:
		wreg, status,2, status,0
 Tracked objects:
		On entry : 
		On exit  : 
		Unchanged: 
 Data sizes:     COMMON   BANK0   BANK1
      Params:         4       0       0
      Locals:         2       0       0
      Temps:          0       0       0
      Totals:         6       0       0
Total ram usage:        6 bytes
 Hardware stack levels used:    1
 This function calls:
		Nothing
 This function is called by:
		_isr
 This function uses a non-reentrant model


 *************** function ___bmul *****************
 Defined at:
		line 4 in file "C:\Program Files (x86)\Microchip\xc8\v1.45\sources\common\Umul8.c"
 Parameters:    Size  Location     Type
  multiplier      1    wreg     unsigned char 
  multiplicand    1    0[COMMON] unsigned char 
 Auto vars:     Size  Location     Type
  multiplier      1    2[COMMON] unsigned char 
  product         1    1[COMMON] unsigned char 
 Return value:  Size  Location     Type
                  1    wreg      unsigned char 
 Registers used:
		wreg, status,2, status,0
 Tracked objects:
		On entry : 
		On exit  : 
		Unchanged: 
 Data sizes:     COMMON   BANK0   BANK1
      Params:         1       0       0
      Locals:         2       0       0
      Temps:          0       0       0
      Totals:         3       0       0
Total ram usage:        3 bytes
 Hardware stack levels used:    1
 This function calls:
		Nothing
 This function is called by:
		_isr
 This function uses a non-reentrant model


 *************** function _Read_Mode_Input *****************
 Defined at:
		line 462 in file "main.c"
 Parameters:    Size  Location     Type
		None
 Auto vars:     Size  Location     Type
		None
 Return value:  Size  Location     Type
                  1    wreg      void 
 Registers used:
		wreg, status,2, status,0
 Tracked objects:
		On entry : 
		On exit  : 
		Unchanged: 
 Data sizes:     COMMON   BANK0   BANK1
      Params:         0       0       0
      Locals:         0       0       0
      Temps:          0       0       0
      Totals:         0       0       0
Total ram usage:        0 bytes
 Hardware stack levels used:    1
 This function calls:
		Nothing
 This function is called by:
		_isr
 This function uses a non-reentrant model



MODULE INFORMATION

Module		Function		Class		Link	Load	Size
interrupts.c
		_isr           		CODE           	0334	0000	330

interrupts.c estimated size: 330

C:\Program Files (x86)\Microchip\xc8\v1.45\sources\common\Umul16.c
		___wmul        		CODE           	0712	0000	26

C:\Program Files (x86)\Microchip\xc8\v1.45\sources\common\Umul16.c estimated size: 26

C:\Program Files (x86)\Microchip\xc8\v1.45\sources\pic\eeprom.c
		_eecpymem      		CODE           	06D2	0000	33
		___eetoc       		CODE           	075F	0000	9
		___ctoee       		CODE           	0767	0000	8
		_memcpyee      		CODE           	05E1	0000	47

C:\Program Files (x86)\Microchip\xc8\v1.45\sources\pic\eeprom.c estimated size: 97

shared
		__stringtab    		STRCODE        	0100	0000	19
		_ROM_Sub_Patterns		STRCODE        	0246	0000	120
		_ROM_Sub_Patterns_Time		STRCODE        	02BD	0000	120
		__initialization		CODE           	0010	0000	10
		i1_SetOUTPUT   		CODE           	0560	0000	66
		_ROM_COMBO_Patterns		STRCODE        	0112	0000	309

shared estimated size: 644

user.c
		_InitApp       		CODE           	0639	0000	41

user.c estimated size: 41

C:\Program Files (x86)\Microchip\xc8\v1.45\sources\common\Umul8.c
		___bmul        		CODE           	060F	0000	43

C:\Program Files (x86)\Microchip\xc8\v1.45\sources\common\Umul8.c estimated size: 43

main.c
		_ReWriteEEPROM 		CODE           	06F2	0000	33
		_WriteEEPROMDefaults		CODE           	0740	0000	14
		_main          		CODE           	047D	0000	137
		_Update_Input_Mode_Type		CODE           	072B	0000	22
		_WaitForSYNC_PU		CODE           	074D	0000	11
		_SetOUTPUT     		CODE           	05A1	0000	65
		_Initial_Start 		CODE           	0661	0000	40
		_INC_EEPROM_MODE		CODE           	0688	0000	38
		_Read_Mode_Input		CODE           	06AD	0000	38
		_Update_ComboPattern_Index		CODE           	0505	0000	92

main.c estimated size: 490

system.c
		_ConfigureOscillator		CODE           	076E	0000	8

system.c estimated size: 8

