Microchip MPLAB XC8 Compiler V1.45 ()

Linker command line:

--edf=C:\Program Files (x86)\Microchip\xc8\v1.45\dat\en_msgs.txt -cs \
  -h+dist/XC8_PIC12F683/production\Firm-TF6S.production.sym \
  --cmf=dist/XC8_PIC12F683/production\Firm-TF6S.production.cmf -z -Q12F683 \
  -oC:\Users\kylep\AppData\Local\Temp\sdd8.2 \
  -Mdist/XC8_PIC12F683/production/Firm-TF6S.production.map -E1 -ver=XC8 \
  -ASTACK=04Ah-06fh -pstack=STACK -ACODE=00h-07FFh -ASTRCODE=00h-07FFh \
  -ASTRING=00h-0FFhx8 -ACONST=00h-0FFhx8 -AENTRY=00h-0FFhx8 \
  -ACOMMON=070h-07Fh -ABANK0=020h-06Fh -ABANK1=0A0h-0BFh \
  -ARAM=020h-06Fh,0A0h-0BFh -AABS1=020h-07Fh,0A0h-0BFh -ASFR0=00h-01Fh \
  -ASFR1=080h-09Fh -preset_vec=00h,intentry=04h,init,end_init \
  -ppowerup=CODE -pcinit=CODE -pfunctab=ENTRY -ACONFIG=02007h-02007h \
  -pconfig=CONFIG -DCONFIG=2 -AIDLOC=02000h-02003h -pidloc=IDLOC -DIDLOC=2 \
  -AEEDATA=00h-0FFh/02100h -peeprom_data=EEDATA -DEEDATA=2 -DCODE=2 \
  -DSTRCODE=2 -DSTRING=2 -DCONST=2 -DENTRY=2 -k \
  C:\Users\kylep\AppData\Local\Temp\sdd8.obj \
  dist/XC8_PIC12F683/production\Firm-TF6S.production.obj 

Object code version is 3.11

Machine type is 12F683



                Name                               Link     Load   Length Selector   Space Scale
C:\Users\kylep\AppData\Local\Temp\sdd8.obj
                end_init                              F        F        1        8       0
                reset_vec                             0        0        1        0       0
                config                             2007     2007        1     400E       0
dist/XC8_PIC12F683/production\Firm-TF6S.production.obj
                cinit                                10       10        D        8       0
                intentry                              4        4        B        8       0
                text6                               36E      36E       14      654       0
                text5                               353      353       1B      654       0
                text4                               38A      38A        8      654       0
                text3                               399      399        1      654       0
                text2                               32A      32A       29      654       0
                text1                               398      398        1      654       0
                maintext                            392      392        5      654       0
                cstackCOMMON                         78       78        6       70       1
                clrtext                             382      382        8      654       0
                dataBANK0                            49       49        1       20       1
                bssBANK0                             20       20       29       20       1
                bssCOMMON                            70       70        8       70       1
                bssEEDATA                             0     2100        5     4200       3
                stringtext                          100      100      22A        2       0
                idataBANK0                          397      397        1      654       0

TOTAL           Name                               Link     Load   Length     Space
        CLASS   STACK          

        CLASS   CODE           
                end_init                              F        F        1         0
                cinit                                10       10        D         0
                intentry                              4        4        B         0
                reset_vec                             0        0        1         0
                text6                               36E      36E       14         0
                text5                               353      353       1B         0
                text4                               38A      38A        8         0
                text3                               399      399        1         0
                text2                               32A      32A       29         0
                text1                               398      398        1         0
                maintext                            392      392        5         0
                clrtext                             382      382        8         0
                idataBANK0                          397      397        1         0

        CLASS   STRCODE        
                stringtext                          100      100      22A         0

        CLASS   STRING         

        CLASS   CONST          

        CLASS   ENTRY          

        CLASS   COMMON         
                cstackCOMMON                         78       78        6         1
                bssCOMMON                            70       70        8         1

        CLASS   BANK0          
                dataBANK0                            49       49        1         1
                bssBANK0                             20       20       29         1

        CLASS   BANK1          

        CLASS   RAM            

        CLASS   ABS1           
                abs_s1                               7E       7E        2         1

        CLASS   SFR0           

        CLASS   SFR1           

        CLASS   CONFIG         
                config                             2007     2007        1         0

        CLASS   IDLOC          

        CLASS   EEDATA         
                bssEEDATA                             0     2100        5         3



SEGMENTS        Name                           Load    Length   Top    Selector   Space  Class     Delta

                reset_vec                      000000  000001  000001         0       0  CODE        2
                intentry                       000004  000019  00001D         8       0  CODE        2
                bssBANK0                       000020  00002A  00004A        20       1  BANK0       1
                bssCOMMON                      000070  00000E  00007E        70       1  COMMON      1
                stringtext                     000100  00022A  00032A         2       0  STRCODE     2
                text2                          00032A  000070  00039A       654       0  CODE        2
                config                         002007  000001  002008      400E       0  CONFIG      2
                bssEEDATA                      002100  000005  002105      4200       3  EEDATA      2


UNUSED ADDRESS RANGES

        Name                Unused          Largest block    Delta
        BANK0            004A-006F             26           1
        BANK1            00A0-00BF             20           1
        CODE             0001-0003              3           2
                         001D-00FF             E3
                         039A-07FF            466
        CONST            0001-0003              3           2
                         001D-00FF             E3
                         039A-07FF            100
        EEDATA           2105-21FF             FB           2
        ENTRY            0001-0003              3           2
                         001D-00FF             E3
                         039A-07FF            100
        IDLOC            2000-2003              4           2
        RAM              004A-006F             26           1
                         00A0-00BF             20
        SFR0             0000-001F             20           1
        SFR1             0080-009F             20           1
        STACK            004A-006F             26           1
        STRCODE          0001-0003              3           2
                         001D-00FF             E3
                         039A-07FF            466
        STRING           0001-0003              3           2
                         001D-00FF             E3
                         039A-07FF            100

                                  Symbol Table

SetOUTPUT@pwmCounter                bssCOMMON    0070
_ANSEL                              (abs)        009F
_CMCON0                             (abs)        0019
_ConfigureOscillator                text4        038A
_EEprom_InPhase                     bssEEDATA    0000
_EEprom_Written_Flag                bssEEDATA    0004
_EEprom_mode                        bssEEDATA    0002
_GLOBAL_CHANNELS_EN                 bssBANK0     0039
_GLOBAL_CHANNELS_EN_DUAL            bssBANK0     0025
_GLOBAL_CHANNELS_EN_copy            bssBANK0     0038
_GLOBAL_Dummy_Counter               bssBANK0     0042
_GLOBAL_Dummy_Counter2              bssBANK0     0041
_GLOBAL_MODE1_LOW_counter           bssBANK0     003D
_GLOBAL_MODE1_counter               bssBANK0     0040
_GLOBAL_MODE2_LOW_counter           bssBANK0     003B
_GLOBAL_MODE2_counter               bssBANK0     003E
_GLOBAL_Mode_copy                   bssBANK0     0022
_GLOBAL_SYNC_Line_LOW_counter       bssBANK0     003C
_GLOBAL_SYNC_Line_counter           bssBANK0     003F
_GLOBAL_SYNC_PULSE_Counter          bssBANK0     003A
_GLOBAL_Selected_Mode_Number        bssBANK0     0044
_GLOBAL_Selected_Mode_Type          bssCOMMON    0071
_GLOBAL_Selected_Mode_Type_copy     bssBANK0     0043
_GLOBAL_combo_patterns_column_index bssBANK0     0047
_GLOBAL_combo_patterns_counter      bssBANK0     0045
_GLOBAL_combo_patterns_index        bssCOMMON    0072
_GLOBAL_combo_patterns_index_copy   bssBANK0     0048
_GLOBAL_sub_patterns_column_index   bssCOMMON    0073
_GLOBAL_sub_patterns_index          bssCOMMON    0075
_GLOBAL_sub_patterns_index_copy     bssCOMMON    0074
_GLOBAL_sub_patterns_timer          bssBANK0     0046
_GPIO                               (abs)        0005
_INTCON                             (abs)        000B
_INTCONbits                         (abs)        000B
_InitApp                            text2        032A
_Initial_Start                      text1        0398
_OPTION_REGbits                     (abs)        0081
_OSCCON                             (abs)        008F
_OSCCONbits                         (abs)        008F
_OUTPUT_BUFFER                      bssBANK0     0029
_OUTPUT_BUFFER_COPY                 bssBANK0     0028
_SetOUTPUT                          text6        036E
_TMR0                               (abs)        0001
_TRISIO                             (abs)        0085
_TRISIObits                         (abs)        0085
_WDTCON                             (abs)        0018
_WPU                                (abs)        0095
_WaitForSYNC_PU                     text3        0399
__CFG_BOREN$ON                      (abs)        0000
__CFG_CP$ON                         (abs)        0000
__CFG_CPD$ON                        (abs)        0000
__CFG_FCMEN$ON                      (abs)        0000
__CFG_FOSC$INTOSCIO                 (abs)        0000
__CFG_IESO$OFF                      (abs)        0000
__CFG_MCLRE$OFF                     (abs)        0000
__CFG_PWRTE$OFF                     (abs)        0000
__CFG_WDTE$ON                       (abs)        0000
__Habs1                             abs1         0000
__Hbank0                            bank0        0000
__Hbank1                            bank1        0000
__HbssBANK0                         bssBANK0     0000
__HbssCOMMON                        bssCOMMON    0000
__HbssEEDATA                        bssEEDATA    0000
__Hcinit                            cinit        001D
__Hclrtext                          clrtext      0000
__Hcode                             code         0000
__Hcommon                           common       0000
__Hconfig                           config       2008
__HcstackBANK0                      cstackBANK0  0000
__HcstackCOMMON                     cstackCOMMON 0000
__HdataBANK0                        dataBANK0    0000
__Heeprom_data                      eeprom_data  0000
__Hend_init                         end_init     0010
__Hfunctab                          functab      0000
__HidataBANK0                       idataBANK0   0000
__Hidloc                            idloc        0000
__Hinit                             init         000F
__Hintentry                         intentry     000F
__Hmaintext                         maintext     0000
__Hpowerup                          powerup      0000
__Hram                              ram          0000
__Hreset_vec                        reset_vec    0001
__Hsfr0                             sfr0         0000
__Hsfr1                             sfr1         0000
__Hspace_0                          (abs)        2008
__Hspace_1                          (abs)        007E
__Hspace_2                          (abs)        0000
__Hspace_3                          (abs)        0005
__Hstack                            stack        0000
__Hstrings                          strings      0000
__Hstringtext                       stringtext   0000
__Htext                             text         0000
__Labs1                             abs1         0000
__Lbank0                            bank0        0000
__Lbank1                            bank1        0000
__LbssBANK0                         bssBANK0     0000
__LbssCOMMON                        bssCOMMON    0000
__LbssEEDATA                        bssEEDATA    0000
__Lcinit                            cinit        0010
__Lclrtext                          clrtext      0000
__Lcode                             code         0000
__Lcommon                           common       0000
__Lconfig                           config       2007
__LcstackBANK0                      cstackBANK0  0000
__LcstackCOMMON                     cstackCOMMON 0000
__LdataBANK0                        dataBANK0    0000
__Leeprom_data                      eeprom_data  0000
__Lend_init                         end_init     000F
__Lfunctab                          functab      0000
__LidataBANK0                       idataBANK0   0000
__Lidloc                            idloc        0000
__Linit                             init         000F
__Lintentry                         intentry     0004
__Lmaintext                         maintext     0000
__Lpowerup                          powerup      0000
__Lram                              ram          0000
__Lreset_vec                        reset_vec    0000
__Lsfr0                             sfr0         0000
__Lsfr1                             sfr1         0000
__Lspace_0                          (abs)        0000
__Lspace_1                          (abs)        0000
__Lspace_2                          (abs)        0000
__Lspace_3                          (abs)        0000
__Lstack                            stack        0000
__Lstrings                          strings      0000
__Lstringtext                       stringtext   0000
__Ltext                             text         0000
__S0                                (abs)        2008
__S1                                (abs)        007E
__S2                                (abs)        0000
__S3                                (abs)        2105
___int_sp                           stack        0000
___latbits                          (abs)        0000
___sp                               stack        0000
__end_of_ConfigureOscillator        text4        0392
__end_of_InitApp                    text2        0353
__end_of_Initial_Start              text1        0399
__end_of_ROM_COMBO_Patterns         stringtext   023C
__end_of_ROM_Sub_Patterns           stringtext   032A
__end_of_ROM_Sub_Patterns_Time      stringtext   02B3
__end_of_SetOUTPUT                  text6        0382
__end_of_WaitForSYNC_PU             text3        039A
__end_of__initialization            cinit        001B
__end_of__stringtab                 stringtext   0108
__end_of_isr                        text5        036E
__end_of_main                       maintext     0397
__initialization                    cinit        0010
__pbssBANK0                         bssBANK0     0020
__pbssCOMMON                        bssCOMMON    0070
__pbssEEDATA                        bssEEDATA    0000
__pcstackBANK0                      cstackBANK0  0000
__pcstackCOMMON                     cstackCOMMON 0078
__pdataBANK0                        dataBANK0    0049
__pidataBANK0                       idataBANK0   0397
__pintentry                         intentry     0004
__pmaintext                         maintext     0392
__pstringtext                       stringtext   0100
__ptext1                            text1        0398
__ptext2                            text2        032A
__ptext3                            text3        0399
__ptext4                            text4        038A
__ptext5                            text5        0353
__ptext6                            text6        036E
__size_of_ConfigureOscillator       (abs)        0000
__size_of_InitApp                   (abs)        0000
__size_of_Initial_Start             (abs)        0000
__size_of_SetOUTPUT                 (abs)        0000
__size_of_WaitForSYNC_PU            (abs)        0000
__size_of_isr                       (abs)        0000
__size_of_main                      (abs)        0000
__stringbase                        stringtext   0108
__stringtab                         stringtext   0100
_bDualColor                         bssBANK0     0026
_bGLOBAL_CHANGING_PATTERN           bssBANK0     0036
_bGLOBAL_CHANGING_PATTERN_Enforce   bssBANK0     0035
_bGLOBAL_DISABLE_SYNC_Line_PRESSED  bssBANK0     0037
_bGLOBAL_ENABLE_LEDS                bssBANK0     002F
_bGLOBAL_END_OF_CYCLE_COND1         bssBANK0     0033
_bGLOBAL_END_OF_CYCLE_COND2         bssBANK0     0032
_bGLOBAL_IS_PROGRAMMING             bssBANK0     0031
_bGLOBAL_InPhase                    bssBANK0     0030
_bGLOBAL_InPhase_copy               bssBANK0     0020
_bGLOBAL_MODE1_PRESSED              bssBANK0     002E
_bGLOBAL_MODE2_PRESSED              bssBANK0     002D
_bGLOBAL_OUTPUT_BUFFER_CHANGED      bssBANK0     002B
_bGLOBAL_STEADY_ON                  bssBANK0     002A
_bGLOBAL_SYNC_Line_PRESSED          bssBANK0     002C
_bGLOBAL_SYNC_SENT                  bssBANK0     0034
_channelToBeDisplayed               bssBANK0     0027
_isr                                text5        0353
_main                               maintext     0392
_pwmBool                            dataBANK0    0049
btemp                               (abs)        007E
clear_ram0                          clrtext      0382
end_of_initialization               cinit        001B
interrupt_function                  intentry     0004
intlevel0                           functab      0000
intlevel1                           functab      0000
intlevel2                           functab      0000
intlevel3                           functab      0000
intlevel4                           functab      0000
intlevel5                           functab      0000
isr@tenMSCounter                    bssCOMMON    0077
reset_vec                           reset_vec    0000
saved_w                             (abs)        007E
stackhi                             (abs)        0000
stacklo                             (abs)        0000
start                               init         000F
start_initialization                cinit        0010
wtemp0                              (abs)        007E


FUNCTION INFORMATION:

 *************** function _main *****************
 Defined at:
		line 591 in file "main.c"
 Parameters:    Size  Location     Type
		None
 Auto vars:     Size  Location     Type
  tempvar1        1    0        unsigned char 
 Return value:  Size  Location     Type
                  1    wreg      void 
 Registers used:
		wreg, status,2, status,0, pclath, cstack
 Tracked objects:
		On entry : 
		On exit  : 
		Unchanged: 
 Data sizes:     COMMON   BANK0   BANK1
      Params:         0       0       0
      Locals:         0       0       0
      Temps:          0       0       0
      Totals:         0       0       0
Total ram usage:        0 bytes
 Hardware stack levels required when called:    4
 This function calls:
		_ConfigureOscillator
		_InitApp
		_Initial_Start
 This function is called by:
		Startup code after reset
 This function uses a non-reentrant model


 *************** function _Initial_Start *****************
 Defined at:
		line 573 in file "main.c"
 Parameters:    Size  Location     Type
		None
 Auto vars:     Size  Location     Type
		None
 Return value:  Size  Location     Type
                  1    wreg      void 
 Registers used:
		None
 Tracked objects:
		On entry : 
		On exit  : 
		Unchanged: 
 Data sizes:     COMMON   BANK0   BANK1
      Params:         0       0       0
      Locals:         0       0       0
      Temps:          0       0       0
      Totals:         0       0       0
Total ram usage:        0 bytes
 Hardware stack levels used:    1
 Hardware stack levels required when called:    2
 This function calls:
		Nothing
 This function is called by:
		_main
 This function uses a non-reentrant model


 *************** function _InitApp *****************
 Defined at:
		line 22 in file "user.c"
 Parameters:    Size  Location     Type
		None
 Auto vars:     Size  Location     Type
		None
 Return value:  Size  Location     Type
                  1    wreg      void 
 Registers used:
		wreg, status,2, status,0, pclath, cstack
 Tracked objects:
		On entry : 
		On exit  : 
		Unchanged: 
 Data sizes:     COMMON   BANK0   BANK1
      Params:         0       0       0
      Locals:         0       0       0
      Temps:          0       0       0
      Totals:         0       0       0
Total ram usage:        0 bytes
 Hardware stack levels used:    1
 Hardware stack levels required when called:    3
 This function calls:
		_WaitForSYNC_PU
 This function is called by:
		_main
 This function uses a non-reentrant model


 *************** function _WaitForSYNC_PU *****************
 Defined at:
		line 370 in file "main.c"
 Parameters:    Size  Location     Type
		None
 Auto vars:     Size  Location     Type
		None
 Return value:  Size  Location     Type
                  1    wreg      void 
 Registers used:
		None
 Tracked objects:
		On entry : 
		On exit  : 
		Unchanged: 
 Data sizes:     COMMON   BANK0   BANK1
      Params:         0       0       0
      Locals:         0       0       0
      Temps:          0       0       0
      Totals:         0       0       0
Total ram usage:        0 bytes
 Hardware stack levels used:    1
 Hardware stack levels required when called:    2
 This function calls:
		Nothing
 This function is called by:
		_InitApp
 This function uses a non-reentrant model


 *************** function _ConfigureOscillator *****************
 Defined at:
		line 18 in file "system.c"
 Parameters:    Size  Location     Type
		None
 Auto vars:     Size  Location     Type
		None
 Return value:  Size  Location     Type
                  1    wreg      void 
 Registers used:
		wreg
 Tracked objects:
		On entry : 
		On exit  : 
		Unchanged: 
 Data sizes:     COMMON   BANK0   BANK1
      Params:         0       0       0
      Locals:         0       0       0
      Temps:          0       0       0
      Totals:         0       0       0
Total ram usage:        0 bytes
 Hardware stack levels used:    1
 Hardware stack levels required when called:    2
 This function calls:
		Nothing
 This function is called by:
		_main
 This function uses a non-reentrant model


 *************** function _isr *****************
 Defined at:
		line 26 in file "interrupts.c"
 Parameters:    Size  Location     Type
		None
 Auto vars:     Size  Location     Type
  temp_data1      1    0        volatile unsigned char 
 Return value:  Size  Location     Type
                  1    wreg      void 
 Registers used:
		wreg, status,2, status,0, pclath, cstack
 Tracked objects:
		On entry : 
		On exit  : 
		Unchanged: 
 Data sizes:     COMMON   BANK0   BANK1
      Params:         0       0       0
      Locals:         0       0       0
      Temps:          5       0       0
      Totals:         5       0       0
Total ram usage:        5 bytes
 Hardware stack levels used:    1
 Hardware stack levels required when called:    1
 This function calls:
		_SetOUTPUT
 This function is called by:
		Interrupt level 1
 This function uses a non-reentrant model


 *************** function _SetOUTPUT *****************
 Defined at:
		line 315 in file "main.c"
 Parameters:    Size  Location     Type
		None
 Auto vars:     Size  Location     Type
		None
 Return value:  Size  Location     Type
                  1    wreg      void 
 Registers used:
		wreg, status,2, status,0
 Tracked objects:
		On entry : 
		On exit  : 
		Unchanged: 
 Data sizes:     COMMON   BANK0   BANK1
      Params:         0       0       0
      Locals:         0       0       0
      Temps:          1       0       0
      Totals:         1       0       0
Total ram usage:        1 bytes
 Hardware stack levels used:    1
 This function calls:
		Nothing
 This function is called by:
		_isr
 This function uses a non-reentrant model



MODULE INFORMATION

Module		Function		Class		Link	Load	Size
interrupts.c
		_isr           		CODE           	0353	0000	28

interrupts.c estimated size: 28

shared
		__stringtab    		STRCODE        	0100	0000	9
		_ROM_Sub_Patterns		STRCODE        	0000	0000	0
		_ROM_Sub_Patterns_Time		STRCODE        	0000	0000	0
		__initialization		CODE           	0010	0000	12
		_ROM_COMBO_Patterns		STRCODE        	0000	0000	0

shared estimated size: 21

user.c
		_InitApp       		CODE           	032A	0000	42

user.c estimated size: 42

main.c
		_main          		CODE           	0392	0000	6
		_WaitForSYNC_PU		CODE           	0399	0000	2
		_SetOUTPUT     		CODE           	036E	0000	21
		_Initial_Start 		CODE           	0398	0000	2

main.c estimated size: 31

system.c
		_ConfigureOscillator		CODE           	038A	0000	9

system.c estimated size: 9

